Using pre-set license
Built from '2022.3/staging' branch; Version is '2022.3.60f1 (5f63fdee6d95) revision 6251517'; Using compiler version '192829333'; Build Type 'Release'
OS: 'Windows 11  (10.0.26100) 64bit Professional' Language: 'ko' Physical Memory: 32610 MB
BatchMode: 1, IsHumanControllingUs: 0, StartBugReporterOnCrash: 0, Is64bit: 1, IsPro: 1

COMMAND LINE ARGUMENTS:
C:\Program Files\Unity\Hub\Editor\2022.3.60f1\Editor\Unity.exe
-adb2
-batchMode
-noUpm
-name
AssetImportWorker3
-projectPath
C:/Users/hlj10/DevNull_1_OhMyChristmas
-logFile
Logs/AssetImportWorker3.log
-srvPort
51750
Successfully changed project path to: C:/Users/hlj10/DevNull_1_OhMyChristmas
C:/Users/hlj10/DevNull_1_OhMyChristmas
[UnityMemory] Configuration Parameters - Can be set up in boot.config
    "memorysetup-bucket-allocator-granularity=16"
    "memorysetup-bucket-allocator-bucket-count=8"
    "memorysetup-bucket-allocator-block-size=33554432"
    "memorysetup-bucket-allocator-block-count=8"
    "memorysetup-main-allocator-block-size=16777216"
    "memorysetup-thread-allocator-block-size=16777216"
    "memorysetup-gfx-main-allocator-block-size=16777216"
    "memorysetup-gfx-thread-allocator-block-size=16777216"
    "memorysetup-cache-allocator-block-size=4194304"
    "memorysetup-typetree-allocator-block-size=2097152"
    "memorysetup-profiler-bucket-allocator-granularity=16"
    "memorysetup-profiler-bucket-allocator-bucket-count=8"
    "memorysetup-profiler-bucket-allocator-block-size=33554432"
    "memorysetup-profiler-bucket-allocator-block-count=8"
    "memorysetup-profiler-allocator-block-size=16777216"
    "memorysetup-profiler-editor-allocator-block-size=1048576"
    "memorysetup-temp-allocator-size-main=16777216"
    "memorysetup-job-temp-allocator-block-size=2097152"
    "memorysetup-job-temp-allocator-block-size-background=1048576"
    "memorysetup-job-temp-allocator-reduction-small-platforms=262144"
    "memorysetup-allocator-temp-initial-block-size-main=262144"
    "memorysetup-allocator-temp-initial-block-size-worker=262144"
    "memorysetup-temp-allocator-size-background-worker=32768"
    "memorysetup-temp-allocator-size-job-worker=262144"
    "memorysetup-temp-allocator-size-preload-manager=33554432"
    "memorysetup-temp-allocator-size-nav-mesh-worker=65536"
    "memorysetup-temp-allocator-size-audio-worker=65536"
    "memorysetup-temp-allocator-size-cloud-worker=32768"
    "memorysetup-temp-allocator-size-gi-baking-worker=262144"
    "memorysetup-temp-allocator-size-gfx=262144"
Player connection [19320]  Target information:

Player connection [19320]  * "[IP] 172.30.73.92 [Port] 0 [Flags] 2 [Guid] 1391914437 [EditorId] 1391914437 [Version] 1048832 [Id] WindowsEditor(7,DESKTOP-R06SEU4) [Debug] 1 [PackageName] WindowsEditor [ProjectName] Editor" 

Player connection [19320] Host joined multi-casting on [225.0.0.222:54997]...
Player connection [19320] Host joined alternative multi-casting on [225.0.0.222:34997]...
Input System module state changed to: Initialized.
[PhysX] Initialized MultithreadedTaskDispatcher with 20 workers.
Refreshing native plugins compatible for Editor in 7.38 ms, found 3 plugins.
Preloading 0 native plugins for Editor in 0.00 ms.
Initialize engine version: 2022.3.60f1 (5f63fdee6d95)
[Subsystems] Discovering subsystems at path C:/Program Files/Unity/Hub/Editor/2022.3.60f1/Editor/Data/Resources/UnitySubsystems
[Subsystems] Discovering subsystems at path C:/Users/hlj10/DevNull_1_OhMyChristmas/Assets
GfxDevice: creating device client; threaded=0; jobified=0
Direct3D:
    Version:  Direct3D 11.0 [level 11.1]
    Renderer: NVIDIA GeForce RTX 4060 Ti (ID=0x2803)
    Vendor:   NVIDIA
    VRAM:     16109 MB
    Driver:   32.0.15.8088
Initialize mono
Mono path[0] = 'C:/Program Files/Unity/Hub/Editor/2022.3.60f1/Editor/Data/Managed'
Mono path[1] = 'C:/Program Files/Unity/Hub/Editor/2022.3.60f1/Editor/Data/MonoBleedingEdge/lib/mono/unityjit-win32'
Mono config path = 'C:/Program Files/Unity/Hub/Editor/2022.3.60f1/Editor/Data/MonoBleedingEdge/etc'
Using monoOptions --debugger-agent=transport=dt_socket,embedding=1,server=y,suspend=n,address=127.0.0.1:56944
Begin MonoManager ReloadAssembly
Registering precompiled unity dll's ...
Register platform support module: C:/Program Files/Unity/Hub/Editor/2022.3.60f1/Editor/Data/PlaybackEngines/WindowsStandaloneSupport/UnityEditor.WindowsStandalone.Extensions.dll
Register platform support module: C:/Program Files/Unity/Hub/Editor/2022.3.60f1/Editor/Data/PlaybackEngines/MetroSupport/UnityEditor.UWP.Extensions.dll
Registered in 0.004898 seconds.
- Loaded All Assemblies, in  0.208 seconds
Native extension for UWP target not found
Native extension for WindowsStandalone target not found
Mono: successfully reloaded assembly
- Finished resetting the current domain, in  0.158 seconds
Domain Reload Profiling: 366ms
	BeginReloadAssembly (64ms)
		ExecutionOrderSort (0ms)
		DisableScriptedObjects (0ms)
		BackupInstance (0ms)
		ReleaseScriptingObjects (0ms)
		CreateAndSetChildDomain (0ms)
	RebuildCommonClasses (21ms)
	RebuildNativeTypeToScriptingClass (6ms)
	initialDomainReloadingComplete (35ms)
	LoadAllAssembliesAndSetupDomain (83ms)
		LoadAssemblies (63ms)
		RebuildTransferFunctionScriptingTraits (0ms)
		AnalyzeDomain (81ms)
			TypeCache.Refresh (80ms)
				TypeCache.ScanAssembly (72ms)
			ScanForSourceGeneratedMonoScriptInfo (0ms)
			ResolveRequiredComponents (0ms)
	FinalizeReload (158ms)
		ReleaseScriptCaches (0ms)
		RebuildScriptCaches (0ms)
		SetupLoadedEditorAssemblies (132ms)
			LogAssemblyErrors (0ms)
			InitializePlatformSupportModulesInManaged (7ms)
			SetLoadedEditorAssemblies (3ms)
			RefreshPlugins (0ms)
			BeforeProcessingInitializeOnLoad (1ms)
			ProcessInitializeOnLoadAttributes (90ms)
			ProcessInitializeOnLoadMethodAttributes (30ms)
			AfterProcessingInitializeOnLoad (0ms)
			EditorAssembliesLoaded (0ms)
		ExecutionOrderSort2 (0ms)
		AwakeInstancesAfterBackupRestoration (0ms)
========================================================================
Worker process is ready to serve import requests
Caller must complete domain reload
Begin MonoManager ReloadAssembly
- Loaded All Assemblies, in  0.422 seconds
Native extension for UWP target not found
Native extension for WindowsStandalone target not found
Mono: successfully reloaded assembly
- Finished resetting the current domain, in  0.388 seconds
Domain Reload Profiling: 809ms
	BeginReloadAssembly (88ms)
		ExecutionOrderSort (0ms)
		DisableScriptedObjects (3ms)
		BackupInstance (0ms)
		ReleaseScriptingObjects (0ms)
		CreateAndSetChildDomain (12ms)
	RebuildCommonClasses (21ms)
	RebuildNativeTypeToScriptingClass (6ms)
	initialDomainReloadingComplete (26ms)
	LoadAllAssembliesAndSetupDomain (280ms)
		LoadAssemblies (213ms)
		RebuildTransferFunctionScriptingTraits (0ms)
		AnalyzeDomain (119ms)
			TypeCache.Refresh (102ms)
				TypeCache.ScanAssembly (92ms)
			ScanForSourceGeneratedMonoScriptInfo (11ms)
			ResolveRequiredComponents (5ms)
	FinalizeReload (389ms)
		ReleaseScriptCaches (0ms)
		RebuildScriptCaches (0ms)
		SetupLoadedEditorAssemblies (302ms)
			LogAssemblyErrors (0ms)
			InitializePlatformSupportModulesInManaged (4ms)
			SetLoadedEditorAssemblies (3ms)
			RefreshPlugins (0ms)
			BeforeProcessingInitializeOnLoad (40ms)
			ProcessInitializeOnLoadAttributes (239ms)
			ProcessInitializeOnLoadMethodAttributes (13ms)
			AfterProcessingInitializeOnLoad (3ms)
			EditorAssembliesLoaded (0ms)
		ExecutionOrderSort2 (0ms)
		AwakeInstancesAfterBackupRestoration (8ms)
Launched and connected shader compiler UnityShaderCompiler.exe after 0.03 seconds
Refreshing native plugins compatible for Editor in 2.75 ms, found 3 plugins.
Preloading 0 native plugins for Editor in 0.00 ms.
Unloading 4048 Unused Serialized files (Serialized files now loaded: 0)
Unloading 30 unused Assets / (58.0 KB). Loaded Objects now: 4539.
Memory consumption went from 160.5 MB to 160.4 MB.
Total: 1.972700 ms (FindLiveObjects: 0.188700 ms CreateObjectMapping: 0.047900 ms MarkObjects: 1.665000 ms  DeleteObjects: 0.070500 ms)

AssetImportParameters requested are different than current active one (requested -> active):
  custom:container-demuxer-ogg: 62fdf1f143b41e24485cea50d1cbac27 -> 
  custom:video-codec-MediaFoundation-h265: 746d11721c4dcdbdad8f713fa42b33f4 -> 
  custom:video-decoder-ogg-theora: a1e56fd34408186e4bbccfd4996cb3dc -> 
  custom:framework-win-MediaFoundation: 216162199b28c13a410421893ffa2e32 -> 
  custom:CustomObjectIndexerAttribute: 9a22284fe3817be447336de3de66b15e -> 
  custom:container-demuxer-webm: 4f35f7cbe854078d1ac9338744f61a02 -> 
  custom:container-muxer-webm: aa71ff27fc2769a1b78a27578f13a17b -> 
  custom:video-decoder-webm-vp8: 9c59270c3fd7afecdb556c50c9e8de78 -> 
  custom:SearchIndexIgnoredProperties: e643bd26f0fe6173181afceb89e7c659 -> 
  custom:AudioImporter_EditorPlatform: d09bf68614088b80899f8185d706f6e7 -> 
  custom:video-encoder-webm-vp8: eb34c28f22e8b96e1ab97ce403110664 -> 
  custom:audio-decoder-ogg-vorbis: bf7c407c2cedff20999df2af8eb42d56 -> 
  custom:audio-encoder-webm-vorbis: bf7c407c2cedff20999df2af8eb42d56 -> 
========================================================================
Received Import Request.
  Time since last request: 9398.118089 seconds.
  path: Assets/Christmas Game GUI/png/buttons/Back (2).png
  artifactKey: Guid(1d235415211f11d48a2cf7319da0cba7) Importer(815301076,1909f56bfc062723c751e8b465ee728b)
Start importing Assets/Christmas Game GUI/png/buttons/Back (2).png using Guid(1d235415211f11d48a2cf7319da0cba7) Importer(815301076,1909f56bfc062723c751e8b465ee728b) [PhysX] Initialized MultithreadedTaskDispatcher with 20 workers.
[PhysX] Initialized MultithreadedTaskDispatcher with 20 workers.
 -> (artifact id: '0581d88d07a4caa445e41992857bead9') in 0.071998 seconds
Number of updated asset objects reloaded before import = 0
Number of asset objects unloaded after import = 3
========================================================================
Received Import Request.
  Time since last request: 0.000016 seconds.
  path: Assets/Christmas Game GUI/png/buttons/Down (3).png
  artifactKey: Guid(98d6b7d662d2e5440921e1e0aaf631fa) Importer(815301076,1909f56bfc062723c751e8b465ee728b)
Start importing Assets/Christmas Game GUI/png/buttons/Down (3).png using Guid(98d6b7d662d2e5440921e1e0aaf631fa) Importer(815301076,1909f56bfc062723c751e8b465ee728b) [PhysX] Initialized MultithreadedTaskDispatcher with 20 workers.
[PhysX] Initialized MultithreadedTaskDispatcher with 20 workers.
 -> (artifact id: '2917097a8b9dda97ef84c3fe2394b064') in 0.014469 seconds
Number of updated asset objects reloaded before import = 0
Number of asset objects unloaded after import = 3
========================================================================
Received Import Request.
  Time since last request: 0.003371 seconds.
  path: Assets/Christmas Game GUI/png/buttons/DownArrow (3).png
  artifactKey: Guid(e01b31b27c423c74dbdcd4ff19c35d87) Importer(815301076,1909f56bfc062723c751e8b465ee728b)
Start importing Assets/Christmas Game GUI/png/buttons/DownArrow (3).png using Guid(e01b31b27c423c74dbdcd4ff19c35d87) Importer(815301076,1909f56bfc062723c751e8b465ee728b) [PhysX] Initialized MultithreadedTaskDispatcher with 20 workers.
[PhysX] Initialized MultithreadedTaskDispatcher with 20 workers.
 -> (artifact id: 'be833459fc7dbbcb3576963acf791c99') in 0.013319 seconds
Number of updated asset objects reloaded before import = 0
Number of asset objects unloaded after import = 3
========================================================================
Received Import Request.
  Time since last request: 0.000013 seconds.
  path: Assets/Christmas Game GUI/png/buttons/Download (1).png
  artifactKey: Guid(45ada032a36409b43a7fdb9c15aad6b4) Importer(815301076,1909f56bfc062723c751e8b465ee728b)
Start importing Assets/Christmas Game GUI/png/buttons/Download (1).png using Guid(45ada032a36409b43a7fdb9c15aad6b4) Importer(815301076,1909f56bfc062723c751e8b465ee728b) [PhysX] Initialized MultithreadedTaskDispatcher with 20 workers.
[PhysX] Initialized MultithreadedTaskDispatcher with 20 workers.
 -> (artifact id: '0251cc666baeef2c0ce08ba01ee77c59') in 0.014612 seconds
Number of updated asset objects reloaded before import = 0
Number of asset objects unloaded after import = 3
========================================================================
Received Import Request.
  Time since last request: 0.000014 seconds.
  path: Assets/Christmas Game GUI/png/buttons/Back (4).png
  artifactKey: Guid(c63f307f22552f745b9051b068e80447) Importer(815301076,1909f56bfc062723c751e8b465ee728b)
Start importing Assets/Christmas Game GUI/png/buttons/Back (4).png using Guid(c63f307f22552f745b9051b068e80447) Importer(815301076,1909f56bfc062723c751e8b465ee728b) [PhysX] Initialized MultithreadedTaskDispatcher with 20 workers.
[PhysX] Initialized MultithreadedTaskDispatcher with 20 workers.
 -> (artifact id: 'ccc397dff2a25fe77343391602475175') in 0.013270 seconds
Number of updated asset objects reloaded before import = 0
Number of asset objects unloaded after import = 3
========================================================================
Received Import Request.
  Time since last request: 0.000014 seconds.
  path: Assets/Christmas Game GUI/png/buttons/Exit (2).png
  artifactKey: Guid(6c65ef6b0e2fd64418de7a37e811fec6) Importer(815301076,1909f56bfc062723c751e8b465ee728b)
Start importing Assets/Christmas Game GUI/png/buttons/Exit (2).png using Guid(6c65ef6b0e2fd64418de7a37e811fec6) Importer(815301076,1909f56bfc062723c751e8b465ee728b) [PhysX] Initialized MultithreadedTaskDispatcher with 20 workers.
[PhysX] Initialized MultithreadedTaskDispatcher with 20 workers.
 -> (artifact id: '5c646a54ae18426dcf06c880fa3ff449') in 0.012831 seconds
Number of updated asset objects reloaded before import = 0
Number of asset objects unloaded after import = 3
========================================================================
Received Import Request.
  Time since last request: 0.000013 seconds.
  path: Assets/Christmas Game GUI/png/buttons/Badges (3).png
  artifactKey: Guid(b3ed1193c5d114b4284004868e0376f7) Importer(815301076,1909f56bfc062723c751e8b465ee728b)
Start importing Assets/Christmas Game GUI/png/buttons/Badges (3).png using Guid(b3ed1193c5d114b4284004868e0376f7) Importer(815301076,1909f56bfc062723c751e8b465ee728b) [PhysX] Initialized MultithreadedTaskDispatcher with 20 workers.
[PhysX] Initialized MultithreadedTaskDispatcher with 20 workers.
 -> (artifact id: '96e27be129b7d517f6d4c1e8167dc258') in 0.011049 seconds
Number of updated asset objects reloaded before import = 0
Number of asset objects unloaded after import = 3
========================================================================
Received Import Request.
  Time since last request: 0.000015 seconds.
  path: Assets/Christmas Game GUI/png/buttons/Facebook (4).png
  artifactKey: Guid(cf2ec7f45b4f85846a39bd2ed9edb9c7) Importer(815301076,1909f56bfc062723c751e8b465ee728b)
Start importing Assets/Christmas Game GUI/png/buttons/Facebook (4).png using Guid(cf2ec7f45b4f85846a39bd2ed9edb9c7) Importer(815301076,1909f56bfc062723c751e8b465ee728b) [PhysX] Initialized MultithreadedTaskDispatcher with 20 workers.
[PhysX] Initialized MultithreadedTaskDispatcher with 20 workers.
 -> (artifact id: '4c2f93e0d075e172eea60e990f4aed21') in 0.014634 seconds
Number of updated asset objects reloaded before import = 0
Number of asset objects unloaded after import = 3
========================================================================
Received Import Request.
  Time since last request: 0.000023 seconds.
  path: Assets/Christmas Game GUI/png/buttons/GooglePlus (2).png
  artifactKey: Guid(1e72096c9cdd51a46934e1c118eec725) Importer(815301076,1909f56bfc062723c751e8b465ee728b)
Start importing Assets/Christmas Game GUI/png/buttons/GooglePlus (2).png using Guid(1e72096c9cdd51a46934e1c118eec725) Importer(815301076,1909f56bfc062723c751e8b465ee728b) [PhysX] Initialized MultithreadedTaskDispatcher with 20 workers.
[PhysX] Initialized MultithreadedTaskDispatcher with 20 workers.
 -> (artifact id: '737cef186870affc3ea7c1eeec75c858') in 0.013977 seconds
Number of updated asset objects reloaded before import = 0
Number of asset objects unloaded after import = 3
========================================================================
Received Import Request.
  Time since last request: 0.000014 seconds.
  path: Assets/Christmas Game GUI/png/buttons/Help (2).png
  artifactKey: Guid(b60a5730dce023243997a1ceeff81006) Importer(815301076,1909f56bfc062723c751e8b465ee728b)
Start importing Assets/Christmas Game GUI/png/buttons/Help (2).png using Guid(b60a5730dce023243997a1ceeff81006) Importer(815301076,1909f56bfc062723c751e8b465ee728b) [PhysX] Initialized MultithreadedTaskDispatcher with 20 workers.
[PhysX] Initialized MultithreadedTaskDispatcher with 20 workers.
 -> (artifact id: '936845cb118195588bf7ee2bbe836f52') in 0.015369 seconds
Number of updated asset objects reloaded before import = 0
Number of asset objects unloaded after import = 3
========================================================================
Received Import Request.
  Time since last request: 0.000012 seconds.
  path: Assets/Christmas Game GUI/png/buttons/Help (4).png
  artifactKey: Guid(8f75f6b2089fa454d8df7d2bb3c637f9) Importer(815301076,1909f56bfc062723c751e8b465ee728b)
Start importing Assets/Christmas Game GUI/png/buttons/Help (4).png using Guid(8f75f6b2089fa454d8df7d2bb3c637f9) Importer(815301076,1909f56bfc062723c751e8b465ee728b) [PhysX] Initialized MultithreadedTaskDispatcher with 20 workers.
[PhysX] Initialized MultithreadedTaskDispatcher with 20 workers.
 -> (artifact id: '8c571c6036adee6f741b0e79c817a281') in 0.029239 seconds
Number of updated asset objects reloaded before import = 0
Number of asset objects unloaded after import = 3
========================================================================
Received Import Request.
  Time since last request: 0.000013 seconds.
  path: Assets/Christmas Game GUI/png/buttons/Facebook (1).png
  artifactKey: Guid(092addbefe41e57428be8abd2f55ebef) Importer(815301076,1909f56bfc062723c751e8b465ee728b)
Start importing Assets/Christmas Game GUI/png/buttons/Facebook (1).png using Guid(092addbefe41e57428be8abd2f55ebef) Importer(815301076,1909f56bfc062723c751e8b465ee728b) [PhysX] Initialized MultithreadedTaskDispatcher with 20 workers.
[PhysX] Initialized MultithreadedTaskDispatcher with 20 workers.
 -> (artifact id: '44bf1856afd8e2ed69908c03fa02cd85') in 0.037959 seconds
Number of updated asset objects reloaded before import = 0
Number of asset objects unloaded after import = 3
========================================================================
Received Import Request.
  Time since last request: 0.000014 seconds.
  path: Assets/Christmas Game GUI/png/buttons/DownArrow (2).png
  artifactKey: Guid(d3314945acd1af6419b48316089119df) Importer(815301076,1909f56bfc062723c751e8b465ee728b)
Start importing Assets/Christmas Game GUI/png/buttons/DownArrow (2).png using Guid(d3314945acd1af6419b48316089119df) Importer(815301076,1909f56bfc062723c751e8b465ee728b) [PhysX] Initialized MultithreadedTaskDispatcher with 20 workers.
[PhysX] Initialized MultithreadedTaskDispatcher with 20 workers.
 -> (artifact id: '4ea15343e3f012f4ec45de509cf3228e') in 0.043945 seconds
Number of updated asset objects reloaded before import = 0
Number of asset objects unloaded after import = 3
========================================================================
Received Import Request.
  Time since last request: 0.000018 seconds.
  path: Assets/Christmas Game GUI/png/buttons/Down (1).png
  artifactKey: Guid(f05bf07c69892b8478115d0df5a6e238) Importer(815301076,1909f56bfc062723c751e8b465ee728b)
Start importing Assets/Christmas Game GUI/png/buttons/Down (1).png using Guid(f05bf07c69892b8478115d0df5a6e238) Importer(815301076,1909f56bfc062723c751e8b465ee728b) [PhysX] Initialized MultithreadedTaskDispatcher with 20 workers.
[PhysX] Initialized MultithreadedTaskDispatcher with 20 workers.
 -> (artifact id: 'effcc59335204839aaf060f00bb76bb2') in 0.017808 seconds
Number of updated asset objects reloaded before import = 0
Number of asset objects unloaded after import = 3
========================================================================
Received Import Request.
  Time since last request: 0.000014 seconds.
  path: Assets/Christmas Game GUI/png/buttons/Facebook (3).png
  artifactKey: Guid(d76bf967d6904e043a4e3704da341082) Importer(815301076,1909f56bfc062723c751e8b465ee728b)
Start importing Assets/Christmas Game GUI/png/buttons/Facebook (3).png using Guid(d76bf967d6904e043a4e3704da341082) Importer(815301076,1909f56bfc062723c751e8b465ee728b) [PhysX] Initialized MultithreadedTaskDispatcher with 20 workers.
[PhysX] Initialized MultithreadedTaskDispatcher with 20 workers.
 -> (artifact id: '81ccab4a85384b07fd959435958c6753') in 0.028917 seconds
Number of updated asset objects reloaded before import = 0
Number of asset objects unloaded after import = 3
========================================================================
Received Import Request.
  Time since last request: 0.000018 seconds.
  path: Assets/Christmas Game GUI/png/buttons/Download (3).png
  artifactKey: Guid(ccbc744754d6506458f7e10bc2257416) Importer(815301076,1909f56bfc062723c751e8b465ee728b)
Start importing Assets/Christmas Game GUI/png/buttons/Download (3).png using Guid(ccbc744754d6506458f7e10bc2257416) Importer(815301076,1909f56bfc062723c751e8b465ee728b) [PhysX] Initialized MultithreadedTaskDispatcher with 20 workers.
[PhysX] Initialized MultithreadedTaskDispatcher with 20 workers.
 -> (artifact id: 'a3a62af1c7808aa5bc632a50a1cc68ed') in 0.029674 seconds
Number of updated asset objects reloaded before import = 0
Number of asset objects unloaded after import = 3
========================================================================
Received Import Request.
  Time since last request: 1.164528 seconds.
  path: Assets/Christmas Game GUI/png/buttons/Home (2).png
  artifactKey: Guid(09b2040b741760d4c84b12951a9abb83) Importer(815301076,1909f56bfc062723c751e8b465ee728b)
Start importing Assets/Christmas Game GUI/png/buttons/Home (2).png using Guid(09b2040b741760d4c84b12951a9abb83) Importer(815301076,1909f56bfc062723c751e8b465ee728b) [PhysX] Initialized MultithreadedTaskDispatcher with 20 workers.
[PhysX] Initialized MultithreadedTaskDispatcher with 20 workers.
 -> (artifact id: '91147d16fb77dde171c5489beb25ed98') in 0.012996 seconds
Number of updated asset objects reloaded before import = 0
Number of asset objects unloaded after import = 3
========================================================================
Received Import Request.
  Time since last request: 0.000013 seconds.
  path: Assets/Christmas Game GUI/png/buttons/Home (4).png
  artifactKey: Guid(bf03f6e7c28148945ba595ea90778425) Importer(815301076,1909f56bfc062723c751e8b465ee728b)
Start importing Assets/Christmas Game GUI/png/buttons/Home (4).png using Guid(bf03f6e7c28148945ba595ea90778425) Importer(815301076,1909f56bfc062723c751e8b465ee728b) [PhysX] Initialized MultithreadedTaskDispatcher with 20 workers.
[PhysX] Initialized MultithreadedTaskDispatcher with 20 workers.
 -> (artifact id: '9073d0f252e6342c88332ee07a0a4972') in 0.011423 seconds
Number of updated asset objects reloaded before import = 0
Number of asset objects unloaded after import = 3
========================================================================
Received Import Request.
  Time since last request: 0.000013 seconds.
  path: Assets/Christmas Game GUI/png/buttons/Info (2).png
  artifactKey: Guid(81771ede3bcd28748b1106a1eee85d62) Importer(815301076,1909f56bfc062723c751e8b465ee728b)
Start importing Assets/Christmas Game GUI/png/buttons/Info (2).png using Guid(81771ede3bcd28748b1106a1eee85d62) Importer(815301076,1909f56bfc062723c751e8b465ee728b) [PhysX] Initialized MultithreadedTaskDispatcher with 20 workers.
[PhysX] Initialized MultithreadedTaskDispatcher with 20 workers.
 -> (artifact id: '3804f6f0d4261d3e539ddce4310d8d92') in 0.012058 seconds
Number of updated asset objects reloaded before import = 0
Number of asset objects unloaded after import = 3
========================================================================
Received Import Request.
  Time since last request: 0.000013 seconds.
  path: Assets/Christmas Game GUI/png/buttons/Leaderboard (1).png
  artifactKey: Guid(3c845d7c6216d074f84dbada69ca916b) Importer(815301076,1909f56bfc062723c751e8b465ee728b)
Start importing Assets/Christmas Game GUI/png/buttons/Leaderboard (1).png using Guid(3c845d7c6216d074f84dbada69ca916b) Importer(815301076,1909f56bfc062723c751e8b465ee728b) [PhysX] Initialized MultithreadedTaskDispatcher with 20 workers.
[PhysX] Initialized MultithreadedTaskDispatcher with 20 workers.
 -> (artifact id: 'b30445cbb711f94547b52a7216a8386b') in 0.014311 seconds
Number of updated asset objects reloaded before import = 0
Number of asset objects unloaded after import = 3
========================================================================
Received Import Request.
  Time since last request: 0.000019 seconds.
  path: Assets/Christmas Game GUI/png/buttons/Info (4).png
  artifactKey: Guid(66f1d2a2d85307f45bae5710535cda09) Importer(815301076,1909f56bfc062723c751e8b465ee728b)
Start importing Assets/Christmas Game GUI/png/buttons/Info (4).png using Guid(66f1d2a2d85307f45bae5710535cda09) Importer(815301076,1909f56bfc062723c751e8b465ee728b) [PhysX] Initialized MultithreadedTaskDispatcher with 20 workers.
[PhysX] Initialized MultithreadedTaskDispatcher with 20 workers.
 -> (artifact id: '68d965724f1b12287d30114ed7d44be0') in 0.013030 seconds
Number of updated asset objects reloaded before import = 0
Number of asset objects unloaded after import = 3
========================================================================
Received Import Request.
  Time since last request: 0.000021 seconds.
  path: Assets/Christmas Game GUI/png/buttons/LeftArrow (1).png
  artifactKey: Guid(8a434e045880c7249846bc300b655c26) Importer(815301076,1909f56bfc062723c751e8b465ee728b)
Start importing Assets/Christmas Game GUI/png/buttons/LeftArrow (1).png using Guid(8a434e045880c7249846bc300b655c26) Importer(815301076,1909f56bfc062723c751e8b465ee728b) [PhysX] Initialized MultithreadedTaskDispatcher with 20 workers.
[PhysX] Initialized MultithreadedTaskDispatcher with 20 workers.
 -> (artifact id: 'd45bbcf4243f7773349b985cf4b27ff1') in 0.012006 seconds
Number of updated asset objects reloaded before import = 0
Number of asset objects unloaded after import = 3
========================================================================
Received Import Request.
  Time since last request: 0.000018 seconds.
  path: Assets/Christmas Game GUI/png/buttons/LeftArrow (3).png
  artifactKey: Guid(11201673d9e8198439c1d6d243f530a7) Importer(815301076,1909f56bfc062723c751e8b465ee728b)
Start importing Assets/Christmas Game GUI/png/buttons/LeftArrow (3).png using Guid(11201673d9e8198439c1d6d243f530a7) Importer(815301076,1909f56bfc062723c751e8b465ee728b) [PhysX] Initialized MultithreadedTaskDispatcher with 20 workers.
[PhysX] Initialized MultithreadedTaskDispatcher with 20 workers.
 -> (artifact id: 'd6e92528ec681dbb5db78506cbc11264') in 0.010032 seconds
Number of updated asset objects reloaded before import = 0
Number of asset objects unloaded after import = 3
========================================================================
Received Import Request.
  Time since last request: 0.000014 seconds.
  path: Assets/Christmas Game GUI/png/buttons/LevelGrid (2).png
  artifactKey: Guid(9442916eb840cf246b23c2f630638354) Importer(815301076,1909f56bfc062723c751e8b465ee728b)
Start importing Assets/Christmas Game GUI/png/buttons/LevelGrid (2).png using Guid(9442916eb840cf246b23c2f630638354) Importer(815301076,1909f56bfc062723c751e8b465ee728b) [PhysX] Initialized MultithreadedTaskDispatcher with 20 workers.
[PhysX] Initialized MultithreadedTaskDispatcher with 20 workers.
 -> (artifact id: '9935f4bc02a2173bec73d6a6722c7ce2') in 0.014394 seconds
Number of updated asset objects reloaded before import = 0
Number of asset objects unloaded after import = 3
========================================================================
Received Import Request.
  Time since last request: 0.000013 seconds.
  path: Assets/Christmas Game GUI/png/buttons/Leaderboard (4).png
  artifactKey: Guid(0155316bd0c7a574c91a36d3d19889dc) Importer(815301076,1909f56bfc062723c751e8b465ee728b)
Start importing Assets/Christmas Game GUI/png/buttons/Leaderboard (4).png using Guid(0155316bd0c7a574c91a36d3d19889dc) Importer(815301076,1909f56bfc062723c751e8b465ee728b) [PhysX] Initialized MultithreadedTaskDispatcher with 20 workers.
[PhysX] Initialized MultithreadedTaskDispatcher with 20 workers.
 -> (artifact id: '88a966c78dc334eea396270b1b25e2fb') in 0.013961 seconds
Number of updated asset objects reloaded before import = 0
Number of asset objects unloaded after import = 3
========================================================================
Received Import Request.
  Time since last request: 0.352429 seconds.
  path: Assets/Christmas Game GUI/png/buttons/LevelGrid (4).png
  artifactKey: Guid(01fca5ab0d00b304396e6881e1080e3a) Importer(815301076,1909f56bfc062723c751e8b465ee728b)
Start importing Assets/Christmas Game GUI/png/buttons/LevelGrid (4).png using Guid(01fca5ab0d00b304396e6881e1080e3a) Importer(815301076,1909f56bfc062723c751e8b465ee728b) [PhysX] Initialized MultithreadedTaskDispatcher with 20 workers.
[PhysX] Initialized MultithreadedTaskDispatcher with 20 workers.
 -> (artifact id: 'd263227d43762044456c716806b0f2d5') in 0.014324 seconds
Number of updated asset objects reloaded before import = 0
Number of asset objects unloaded after import = 3
========================================================================
Received Import Request.
  Time since last request: 0.000015 seconds.
  path: Assets/Christmas Game GUI/png/buttons/LevelSelect (2).png
  artifactKey: Guid(670fcd5d83a946741b555921249da7f7) Importer(815301076,1909f56bfc062723c751e8b465ee728b)
Start importing Assets/Christmas Game GUI/png/buttons/LevelSelect (2).png using Guid(670fcd5d83a946741b555921249da7f7) Importer(815301076,1909f56bfc062723c751e8b465ee728b) [PhysX] Initialized MultithreadedTaskDispatcher with 20 workers.
[PhysX] Initialized MultithreadedTaskDispatcher with 20 workers.
 -> (artifact id: 'c182577122b02cb92aeeced46bf2462f') in 0.014380 seconds
Number of updated asset objects reloaded before import = 0
Number of asset objects unloaded after import = 3
========================================================================
Received Import Request.
  Time since last request: 0.000021 seconds.
  path: Assets/Christmas Game GUI/png/buttons/Like (1).png
  artifactKey: Guid(85e397f5e00118646a3e9c3af5ba109f) Importer(815301076,1909f56bfc062723c751e8b465ee728b)
Start importing Assets/Christmas Game GUI/png/buttons/Like (1).png using Guid(85e397f5e00118646a3e9c3af5ba109f) Importer(815301076,1909f56bfc062723c751e8b465ee728b) [PhysX] Initialized MultithreadedTaskDispatcher with 20 workers.
[PhysX] Initialized MultithreadedTaskDispatcher with 20 workers.
 -> (artifact id: '18adbd282f60198610c44bc7cf5997f5') in 0.013393 seconds
Number of updated asset objects reloaded before import = 0
Number of asset objects unloaded after import = 3
========================================================================
Received Import Request.
  Time since last request: 0.000017 seconds.
  path: Assets/Christmas Game GUI/png/buttons/Like (2).png
  artifactKey: Guid(ea433b85bf47e854bb077bcbb268c263) Importer(815301076,1909f56bfc062723c751e8b465ee728b)
Start importing Assets/Christmas Game GUI/png/buttons/Like (2).png using Guid(ea433b85bf47e854bb077bcbb268c263) Importer(815301076,1909f56bfc062723c751e8b465ee728b) [PhysX] Initialized MultithreadedTaskDispatcher with 20 workers.
[PhysX] Initialized MultithreadedTaskDispatcher with 20 workers.
 -> (artifact id: 'cc11427ba511a1f5a88aa614a4b32eee') in 0.012983 seconds
Number of updated asset objects reloaded before import = 0
Number of asset objects unloaded after import = 3
========================================================================
Received Import Request.
  Time since last request: 0.000017 seconds.
  path: Assets/Christmas Game GUI/png/buttons/Locked.png
  artifactKey: Guid(b8a8506cc4b4796409be23465f894395) Importer(815301076,1909f56bfc062723c751e8b465ee728b)
Start importing Assets/Christmas Game GUI/png/buttons/Locked.png using Guid(b8a8506cc4b4796409be23465f894395) Importer(815301076,1909f56bfc062723c751e8b465ee728b) [PhysX] Initialized MultithreadedTaskDispatcher with 20 workers.
[PhysX] Initialized MultithreadedTaskDispatcher with 20 workers.
 -> (artifact id: '3d44a6d4032705157ce9139d584049ce') in 0.015100 seconds
Number of updated asset objects reloaded before import = 0
Number of asset objects unloaded after import = 3
========================================================================
Received Import Request.
  Time since last request: 0.000048 seconds.
  path: Assets/Christmas Game GUI/png/buttons/Minus (3).png
  artifactKey: Guid(687266e917dfb5e44a9c2735e3ec63d4) Importer(815301076,1909f56bfc062723c751e8b465ee728b)
Start importing Assets/Christmas Game GUI/png/buttons/Minus (3).png using Guid(687266e917dfb5e44a9c2735e3ec63d4) Importer(815301076,1909f56bfc062723c751e8b465ee728b) [PhysX] Initialized MultithreadedTaskDispatcher with 20 workers.
[PhysX] Initialized MultithreadedTaskDispatcher with 20 workers.
 -> (artifact id: '46cade564a51e1e1afaa8cee770521ec') in 0.010943 seconds
Number of updated asset objects reloaded before import = 0
Number of asset objects unloaded after import = 3
========================================================================
Received Import Request.
  Time since last request: 0.000012 seconds.
  path: Assets/Christmas Game GUI/png/buttons/MoreGames (1).png
  artifactKey: Guid(0d6d8c832a2fd9047b7b53faac643839) Importer(815301076,1909f56bfc062723c751e8b465ee728b)
Start importing Assets/Christmas Game GUI/png/buttons/MoreGames (1).png using Guid(0d6d8c832a2fd9047b7b53faac643839) Importer(815301076,1909f56bfc062723c751e8b465ee728b) [PhysX] Initialized MultithreadedTaskDispatcher with 20 workers.
[PhysX] Initialized MultithreadedTaskDispatcher with 20 workers.
 -> (artifact id: '18cc051a8133677c3253a0326a8a0fe4') in 0.013984 seconds
Number of updated asset objects reloaded before import = 0
Number of asset objects unloaded after import = 3
========================================================================
Received Import Request.
  Time since last request: 0.000013 seconds.
  path: Assets/Christmas Game GUI/png/buttons/Minus (1).png
  artifactKey: Guid(0345d8479ec64b34aa09a4d1dc939276) Importer(815301076,1909f56bfc062723c751e8b465ee728b)
Start importing Assets/Christmas Game GUI/png/buttons/Minus (1).png using Guid(0345d8479ec64b34aa09a4d1dc939276) Importer(815301076,1909f56bfc062723c751e8b465ee728b) [PhysX] Initialized MultithreadedTaskDispatcher with 20 workers.
[PhysX] Initialized MultithreadedTaskDispatcher with 20 workers.
 -> (artifact id: 'b767f6d69681fc69f2e4383161576f57') in 0.011872 seconds
Number of updated asset objects reloaded before import = 0
Number of asset objects unloaded after import = 3
========================================================================
Received Import Request.
  Time since last request: 0.000014 seconds.
  path: Assets/Christmas Game GUI/png/buttons/Multiplayer (1).png
  artifactKey: Guid(dbdc4a6c25ab63649b21b93543d4eee6) Importer(815301076,1909f56bfc062723c751e8b465ee728b)
Start importing Assets/Christmas Game GUI/png/buttons/Multiplayer (1).png using Guid(dbdc4a6c25ab63649b21b93543d4eee6) Importer(815301076,1909f56bfc062723c751e8b465ee728b) [PhysX] Initialized MultithreadedTaskDispatcher with 20 workers.
[PhysX] Initialized MultithreadedTaskDispatcher with 20 workers.
 -> (artifact id: '8e2fd3f6b71ae3555f9cb6d6f69f8d21') in 0.010065 seconds
Number of updated asset objects reloaded before import = 0
Number of asset objects unloaded after import = 3
========================================================================
Received Import Request.
  Time since last request: 0.000016 seconds.
  path: Assets/Christmas Game GUI/png/buttons/Multiplayer (3).png
  artifactKey: Guid(61404e7b5604b0648b164f8241a5fa2f) Importer(815301076,1909f56bfc062723c751e8b465ee728b)
Start importing Assets/Christmas Game GUI/png/buttons/Multiplayer (3).png using Guid(61404e7b5604b0648b164f8241a5fa2f) Importer(815301076,1909f56bfc062723c751e8b465ee728b) [PhysX] Initialized MultithreadedTaskDispatcher with 20 workers.
[PhysX] Initialized MultithreadedTaskDispatcher with 20 workers.
 -> (artifact id: 'ed22434f5c13c5aad3dff6f6ce6616cd') in 0.013381 seconds
Number of updated asset objects reloaded before import = 0
Number of asset objects unloaded after import = 3
========================================================================
Received Import Request.
  Time since last request: 0.000013 seconds.
  path: Assets/Christmas Game GUI/png/buttons/Music (1).png
  artifactKey: Guid(72043ef38dae1b24f90559f133b969b3) Importer(815301076,1909f56bfc062723c751e8b465ee728b)
Start importing Assets/Christmas Game GUI/png/buttons/Music (1).png using Guid(72043ef38dae1b24f90559f133b969b3) Importer(815301076,1909f56bfc062723c751e8b465ee728b) [PhysX] Initialized MultithreadedTaskDispatcher with 20 workers.
[PhysX] Initialized MultithreadedTaskDispatcher with 20 workers.
 -> (artifact id: '0b50d9f9c59266c1f52981b33b7f6426') in 0.012820 seconds
Number of updated asset objects reloaded before import = 0
Number of asset objects unloaded after import = 3
========================================================================
Received Import Request.
  Time since last request: 0.000013 seconds.
  path: Assets/Christmas Game GUI/png/buttons/Music (4).png
  artifactKey: Guid(1c7754c0fb64e3647897e7554cde60fb) Importer(815301076,1909f56bfc062723c751e8b465ee728b)
Start importing Assets/Christmas Game GUI/png/buttons/Music (4).png using Guid(1c7754c0fb64e3647897e7554cde60fb) Importer(815301076,1909f56bfc062723c751e8b465ee728b) [PhysX] Initialized MultithreadedTaskDispatcher with 20 workers.
[PhysX] Initialized MultithreadedTaskDispatcher with 20 workers.
 -> (artifact id: 'd34520fb24eda055910221c16d017a02') in 0.014435 seconds
Number of updated asset objects reloaded before import = 0
Number of asset objects unloaded after import = 3
========================================================================
Received Import Request.
  Time since last request: 0.000013 seconds.
  path: Assets/Christmas Game GUI/png/buttons/MoreGames (2).png
  artifactKey: Guid(1f5bf85c9c40b144997e62c27e8ec029) Importer(815301076,1909f56bfc062723c751e8b465ee728b)
Start importing Assets/Christmas Game GUI/png/buttons/MoreGames (2).png using Guid(1f5bf85c9c40b144997e62c27e8ec029) Importer(815301076,1909f56bfc062723c751e8b465ee728b) [PhysX] Initialized MultithreadedTaskDispatcher with 20 workers.
[PhysX] Initialized MultithreadedTaskDispatcher with 20 workers.
 -> (artifact id: '5d6589616452263441ac9195628c40f7') in 0.013631 seconds
Number of updated asset objects reloaded before import = 0
Number of asset objects unloaded after import = 3
========================================================================
Received Import Request.
  Time since last request: 0.211944 seconds.
  path: Assets/Christmas Game GUI/png/buttons/No (2).png
  artifactKey: Guid(87ad1c548c3f7394caf224081e114e62) Importer(815301076,1909f56bfc062723c751e8b465ee728b)
Start importing Assets/Christmas Game GUI/png/buttons/No (2).png using Guid(87ad1c548c3f7394caf224081e114e62) Importer(815301076,1909f56bfc062723c751e8b465ee728b) [PhysX] Initialized MultithreadedTaskDispatcher with 20 workers.
[PhysX] Initialized MultithreadedTaskDispatcher with 20 workers.
 -> (artifact id: 'b994e100833ffa27816281f6d29f5eb4') in 0.015382 seconds
Number of updated asset objects reloaded before import = 0
Number of asset objects unloaded after import = 3
========================================================================
Received Import Request.
  Time since last request: 0.000013 seconds.
  path: Assets/Christmas Game GUI/png/buttons/No (4).png
  artifactKey: Guid(18048014d59f09a4fb9c846cf9c57126) Importer(815301076,1909f56bfc062723c751e8b465ee728b)
Start importing Assets/Christmas Game GUI/png/buttons/No (4).png using Guid(18048014d59f09a4fb9c846cf9c57126) Importer(815301076,1909f56bfc062723c751e8b465ee728b) [PhysX] Initialized MultithreadedTaskDispatcher with 20 workers.
[PhysX] Initialized MultithreadedTaskDispatcher with 20 workers.
 -> (artifact id: '3a32cb87fa1e10895b75880e5b1ee1c5') in 0.013415 seconds
Number of updated asset objects reloaded before import = 0
Number of asset objects unloaded after import = 3
========================================================================
Received Import Request.
  Time since last request: 0.000014 seconds.
  path: Assets/Christmas Game GUI/png/buttons/Pause (2).png
  artifactKey: Guid(aa17bc56bf05f764aaff48188680bb71) Importer(815301076,1909f56bfc062723c751e8b465ee728b)
Start importing Assets/Christmas Game GUI/png/buttons/Pause (2).png using Guid(aa17bc56bf05f764aaff48188680bb71) Importer(815301076,1909f56bfc062723c751e8b465ee728b) [PhysX] Initialized MultithreadedTaskDispatcher with 20 workers.
[PhysX] Initialized MultithreadedTaskDispatcher with 20 workers.
 -> (artifact id: 'f26f1c04a0a70179aa82818eda4d41e2') in 0.014132 seconds
Number of updated asset objects reloaded before import = 0
Number of asset objects unloaded after import = 3
========================================================================
Received Import Request.
  Time since last request: 0.000014 seconds.
  path: Assets/Christmas Game GUI/png/buttons/Play (1).png
  artifactKey: Guid(857ee772ed7d9e849af0251f7ce58296) Importer(815301076,1909f56bfc062723c751e8b465ee728b)
Start importing Assets/Christmas Game GUI/png/buttons/Play (1).png using Guid(857ee772ed7d9e849af0251f7ce58296) Importer(815301076,1909f56bfc062723c751e8b465ee728b) [PhysX] Initialized MultithreadedTaskDispatcher with 20 workers.
[PhysX] Initialized MultithreadedTaskDispatcher with 20 workers.
 -> (artifact id: 'd8dc4dc03c6df64221dcebc11b541ab5') in 0.012731 seconds
Number of updated asset objects reloaded before import = 0
Number of asset objects unloaded after import = 3
========================================================================
Received Import Request.
  Time since last request: 0.000016 seconds.
  path: Assets/Christmas Game GUI/png/buttons/Play (3).png
  artifactKey: Guid(7ddcf4e3850e7f44a992ca0169d43c0a) Importer(815301076,1909f56bfc062723c751e8b465ee728b)
Start importing Assets/Christmas Game GUI/png/buttons/Play (3).png using Guid(7ddcf4e3850e7f44a992ca0169d43c0a) Importer(815301076,1909f56bfc062723c751e8b465ee728b) [PhysX] Initialized MultithreadedTaskDispatcher with 20 workers.
[PhysX] Initialized MultithreadedTaskDispatcher with 20 workers.
 -> (artifact id: 'c3d9e12021897adde198e4099c056154') in 0.014117 seconds
Number of updated asset objects reloaded before import = 0
Number of asset objects unloaded after import = 3
========================================================================
Received Import Request.
  Time since last request: 0.000028 seconds.
  path: Assets/Christmas Game GUI/png/buttons/Plus (2).png
  artifactKey: Guid(3d04e52e51c6aaa4e9657d2406eeb229) Importer(815301076,1909f56bfc062723c751e8b465ee728b)
Start importing Assets/Christmas Game GUI/png/buttons/Plus (2).png using Guid(3d04e52e51c6aaa4e9657d2406eeb229) Importer(815301076,1909f56bfc062723c751e8b465ee728b) [PhysX] Initialized MultithreadedTaskDispatcher with 20 workers.
[PhysX] Initialized MultithreadedTaskDispatcher with 20 workers.
 -> (artifact id: '4ae0b1560efb65419738077e8225a6c4') in 0.013242 seconds
Number of updated asset objects reloaded before import = 0
Number of asset objects unloaded after import = 3
========================================================================
Received Import Request.
  Time since last request: 0.000015 seconds.
  path: Assets/Christmas Game GUI/png/buttons/Plus (4).png
  artifactKey: Guid(a0880a0d541728e46969f5ce3ec62411) Importer(815301076,1909f56bfc062723c751e8b465ee728b)
Start importing Assets/Christmas Game GUI/png/buttons/Plus (4).png using Guid(a0880a0d541728e46969f5ce3ec62411) Importer(815301076,1909f56bfc062723c751e8b465ee728b) [PhysX] Initialized MultithreadedTaskDispatcher with 20 workers.
[PhysX] Initialized MultithreadedTaskDispatcher with 20 workers.
 -> (artifact id: '4259f4f5cd3c1fa5b4d205f3bdbd8968') in 0.015937 seconds
Number of updated asset objects reloaded before import = 0
Number of asset objects unloaded after import = 3
========================================================================
Received Import Request.
  Time since last request: 0.000017 seconds.
  path: Assets/Christmas Game GUI/png/buttons/Profile (4).png
  artifactKey: Guid(02cadbe2ac68c5349a8d756f9dde072c) Importer(815301076,1909f56bfc062723c751e8b465ee728b)
Start importing Assets/Christmas Game GUI/png/buttons/Profile (4).png using Guid(02cadbe2ac68c5349a8d756f9dde072c) Importer(815301076,1909f56bfc062723c751e8b465ee728b) [PhysX] Initialized MultithreadedTaskDispatcher with 20 workers.
[PhysX] Initialized MultithreadedTaskDispatcher with 20 workers.
 -> (artifact id: '1ee9ea4f5250487c26126380c5c0e004') in 0.011897 seconds
Number of updated asset objects reloaded before import = 0
Number of asset objects unloaded after import = 3
========================================================================
Received Import Request.
  Time since last request: 0.000012 seconds.
  path: Assets/Christmas Game GUI/png/buttons/Reload (2).png
  artifactKey: Guid(7660d74270845e44fb417095d33579bc) Importer(815301076,1909f56bfc062723c751e8b465ee728b)
Start importing Assets/Christmas Game GUI/png/buttons/Reload (2).png using Guid(7660d74270845e44fb417095d33579bc) Importer(815301076,1909f56bfc062723c751e8b465ee728b) [PhysX] Initialized MultithreadedTaskDispatcher with 20 workers.
[PhysX] Initialized MultithreadedTaskDispatcher with 20 workers.
 -> (artifact id: 'd52b32050fe009111a922b43b7d794ec') in 0.013257 seconds
Number of updated asset objects reloaded before import = 0
Number of asset objects unloaded after import = 3
========================================================================
Received Import Request.
  Time since last request: 0.000012 seconds.
  path: Assets/Christmas Game GUI/png/buttons/Pause (4).png
  artifactKey: Guid(2777936a4e609d3448caff273b58a738) Importer(815301076,1909f56bfc062723c751e8b465ee728b)
Start importing Assets/Christmas Game GUI/png/buttons/Pause (4).png using Guid(2777936a4e609d3448caff273b58a738) Importer(815301076,1909f56bfc062723c751e8b465ee728b) [PhysX] Initialized MultithreadedTaskDispatcher with 20 workers.
[PhysX] Initialized MultithreadedTaskDispatcher with 20 workers.
 -> (artifact id: '872fc5f0ad1f96579bd31bdd1d75b18c') in 0.015202 seconds
Number of updated asset objects reloaded before import = 0
Number of asset objects unloaded after import = 3
========================================================================
Received Import Request.
  Time since last request: 0.000016 seconds.
  path: Assets/Christmas Game GUI/png/buttons/Replay (2).png
  artifactKey: Guid(3c518f4112e3d894eb6382b70d25f9a4) Importer(815301076,1909f56bfc062723c751e8b465ee728b)
Start importing Assets/Christmas Game GUI/png/buttons/Replay (2).png using Guid(3c518f4112e3d894eb6382b70d25f9a4) Importer(815301076,1909f56bfc062723c751e8b465ee728b) [PhysX] Initialized MultithreadedTaskDispatcher with 20 workers.
[PhysX] Initialized MultithreadedTaskDispatcher with 20 workers.
 -> (artifact id: '55e6dc18cd91bbb3ad5583ddf2beee9c') in 0.012118 seconds
Number of updated asset objects reloaded before import = 0
Number of asset objects unloaded after import = 3
========================================================================
Received Import Request.
  Time since last request: 0.000011 seconds.
  path: Assets/Christmas Game GUI/png/buttons/Reload (4).png
  artifactKey: Guid(44e4a7284ee21c24fa30af567e4ebf2c) Importer(815301076,1909f56bfc062723c751e8b465ee728b)
Start importing Assets/Christmas Game GUI/png/buttons/Reload (4).png using Guid(44e4a7284ee21c24fa30af567e4ebf2c) Importer(815301076,1909f56bfc062723c751e8b465ee728b) [PhysX] Initialized MultithreadedTaskDispatcher with 20 workers.
[PhysX] Initialized MultithreadedTaskDispatcher with 20 workers.
 -> (artifact id: '7e6ad393a814457a3a379b07d402d997') in 0.014555 seconds
Number of updated asset objects reloaded before import = 0
Number of asset objects unloaded after import = 3
========================================================================
Received Import Request.
  Time since last request: 0.000015 seconds.
  path: Assets/Christmas Game GUI/png/buttons/Profile (2).png
  artifactKey: Guid(aec052d022e79b34084a07a00017ad90) Importer(815301076,1909f56bfc062723c751e8b465ee728b)
Start importing Assets/Christmas Game GUI/png/buttons/Profile (2).png using Guid(aec052d022e79b34084a07a00017ad90) Importer(815301076,1909f56bfc062723c751e8b465ee728b) [PhysX] Initialized MultithreadedTaskDispatcher with 20 workers.
[PhysX] Initialized MultithreadedTaskDispatcher with 20 workers.
 -> (artifact id: '99732bd0eb7fd90bdd28ce63d627f4b8') in 0.015357 seconds
Number of updated asset objects reloaded before import = 0
Number of asset objects unloaded after import = 3
========================================================================
Received Import Request.
  Time since last request: 0.178785 seconds.
  path: Assets/Christmas Game GUI/png/buttons/RightArrow (3).png
  artifactKey: Guid(cddc70e1d7bc88e47bcd2a122a312f16) Importer(815301076,1909f56bfc062723c751e8b465ee728b)
Start importing Assets/Christmas Game GUI/png/buttons/RightArrow (3).png using Guid(cddc70e1d7bc88e47bcd2a122a312f16) Importer(815301076,1909f56bfc062723c751e8b465ee728b) [PhysX] Initialized MultithreadedTaskDispatcher with 20 workers.
[PhysX] Initialized MultithreadedTaskDispatcher with 20 workers.
 -> (artifact id: '0f3a3235768c4c222e5239c3756c76a0') in 0.014961 seconds
Number of updated asset objects reloaded before import = 0
Number of asset objects unloaded after import = 3
========================================================================
Received Import Request.
  Time since last request: 0.000998 seconds.
  path: Assets/Christmas Game GUI/png/buttons/Save (2).png
  artifactKey: Guid(1f2e17ff0ff47124a8d6758f38b1c39c) Importer(815301076,1909f56bfc062723c751e8b465ee728b)
Start importing Assets/Christmas Game GUI/png/buttons/Save (2).png using Guid(1f2e17ff0ff47124a8d6758f38b1c39c) Importer(815301076,1909f56bfc062723c751e8b465ee728b) [PhysX] Initialized MultithreadedTaskDispatcher with 20 workers.
[PhysX] Initialized MultithreadedTaskDispatcher with 20 workers.
 -> (artifact id: 'dc3ee0e097e2dbf56b76528593ee76d9') in 0.014028 seconds
Number of updated asset objects reloaded before import = 0
Number of asset objects unloaded after import = 3
========================================================================
Received Import Request.
  Time since last request: 0.000014 seconds.
  path: Assets/Christmas Game GUI/png/buttons/Save (4).png
  artifactKey: Guid(1b58ffd8e58ee0641af81c52ba9fbfd5) Importer(815301076,1909f56bfc062723c751e8b465ee728b)
Start importing Assets/Christmas Game GUI/png/buttons/Save (4).png using Guid(1b58ffd8e58ee0641af81c52ba9fbfd5) Importer(815301076,1909f56bfc062723c751e8b465ee728b) [PhysX] Initialized MultithreadedTaskDispatcher with 20 workers.
[PhysX] Initialized MultithreadedTaskDispatcher with 20 workers.
 -> (artifact id: '84ef1321116e39b7070349cb1596f90e') in 0.013492 seconds
Number of updated asset objects reloaded before import = 0
Number of asset objects unloaded after import = 3
========================================================================
Received Import Request.
  Time since last request: 0.000014 seconds.
  path: Assets/Christmas Game GUI/png/buttons/SeekHorizontal (2).png
  artifactKey: Guid(dff618f402b3576419bd16434ce94b18) Importer(815301076,1909f56bfc062723c751e8b465ee728b)
Start importing Assets/Christmas Game GUI/png/buttons/SeekHorizontal (2).png using Guid(dff618f402b3576419bd16434ce94b18) Importer(815301076,1909f56bfc062723c751e8b465ee728b) [PhysX] Initialized MultithreadedTaskDispatcher with 20 workers.
[PhysX] Initialized MultithreadedTaskDispatcher with 20 workers.
 -> (artifact id: 'f7d568cae71dc19ad64c95e620c2bd71') in 0.015990 seconds
Number of updated asset objects reloaded before import = 0
Number of asset objects unloaded after import = 3
========================================================================
Received Import Request.
  Time since last request: 0.001990 seconds.
  path: Assets/Christmas Game GUI/png/buttons/SeekVertical (2).png
  artifactKey: Guid(fb844385494fbdf45898bd6082e3712c) Importer(815301076,1909f56bfc062723c751e8b465ee728b)
Start importing Assets/Christmas Game GUI/png/buttons/SeekVertical (2).png using Guid(fb844385494fbdf45898bd6082e3712c) Importer(815301076,1909f56bfc062723c751e8b465ee728b) [PhysX] Initialized MultithreadedTaskDispatcher with 20 workers.
[PhysX] Initialized MultithreadedTaskDispatcher with 20 workers.
 -> (artifact id: 'e4b61ab8aea9ba061b6468f24d251461') in 0.011964 seconds
Number of updated asset objects reloaded before import = 0
Number of asset objects unloaded after import = 3
========================================================================
Received Import Request.
  Time since last request: 52.695194 seconds.
  path: Assets/Christmas Game GUI/png/elements/buttons/Action/WithEnergy (1).png
  artifactKey: Guid(39514513552144b4d89aeecd47b310d6) Importer(815301076,1909f56bfc062723c751e8b465ee728b)
Start importing Assets/Christmas Game GUI/png/elements/buttons/Action/WithEnergy (1).png using Guid(39514513552144b4d89aeecd47b310d6) Importer(815301076,1909f56bfc062723c751e8b465ee728b) [PhysX] Initialized MultithreadedTaskDispatcher with 20 workers.
[PhysX] Initialized MultithreadedTaskDispatcher with 20 workers.
 -> (artifact id: '7e75ef2377821be77518948d2c482a44') in 0.019035 seconds
Number of updated asset objects reloaded before import = 0
Number of asset objects unloaded after import = 3
Editor requested this worker to shutdown with reason: Scaling down because of idle timeout
TcpMessagingSession - receive error: operation aborted. errorcode: 995, details: 스레드 종료 또는 응용 프로그램 요청 때문에 I/O 작업이 취소되었습니다.
AssetImportWorker is now disconnected from the server
Process exiting
Exiting without the bug reporter. Application will terminate with return code 0