Using pre-set license
Built from '2022.3/staging' branch; Version is '2022.3.60f1 (5f63fdee6d95) revision 6251517'; Using compiler version '192829333'; Build Type 'Release'
OS: 'Windows 11  (10.0.26100) 64bit Professional' Language: 'ko' Physical Memory: 32610 MB
BatchMode: 1, IsHumanControllingUs: 0, StartBugReporterOnCrash: 0, Is64bit: 1, IsPro: 1

COMMAND LINE ARGUMENTS:
C:\Program Files\Unity\Hub\Editor\2022.3.60f1\Editor\Unity.exe
-adb2
-batchMode
-noUpm
-name
AssetImportWorker6
-projectPath
C:/Users/hlj10/DevNull_1_OhMyChristmas
-logFile
Logs/AssetImportWorker6.log
-srvPort
51750
Successfully changed project path to: C:/Users/hlj10/DevNull_1_OhMyChristmas
C:/Users/hlj10/DevNull_1_OhMyChristmas
[UnityMemory] Configuration Parameters - Can be set up in boot.config
    "memorysetup-bucket-allocator-granularity=16"
    "memorysetup-bucket-allocator-bucket-count=8"
    "memorysetup-bucket-allocator-block-size=33554432"
    "memorysetup-bucket-allocator-block-count=8"
    "memorysetup-main-allocator-block-size=16777216"
    "memorysetup-thread-allocator-block-size=16777216"
    "memorysetup-gfx-main-allocator-block-size=16777216"
    "memorysetup-gfx-thread-allocator-block-size=16777216"
    "memorysetup-cache-allocator-block-size=4194304"
    "memorysetup-typetree-allocator-block-size=2097152"
    "memorysetup-profiler-bucket-allocator-granularity=16"
    "memorysetup-profiler-bucket-allocator-bucket-count=8"
    "memorysetup-profiler-bucket-allocator-block-size=33554432"
    "memorysetup-profiler-bucket-allocator-block-count=8"
    "memorysetup-profiler-allocator-block-size=16777216"
    "memorysetup-profiler-editor-allocator-block-size=1048576"
    "memorysetup-temp-allocator-size-main=16777216"
    "memorysetup-job-temp-allocator-block-size=2097152"
    "memorysetup-job-temp-allocator-block-size-background=1048576"
    "memorysetup-job-temp-allocator-reduction-small-platforms=262144"
    "memorysetup-allocator-temp-initial-block-size-main=262144"
    "memorysetup-allocator-temp-initial-block-size-worker=262144"
    "memorysetup-temp-allocator-size-background-worker=32768"
    "memorysetup-temp-allocator-size-job-worker=262144"
    "memorysetup-temp-allocator-size-preload-manager=33554432"
    "memorysetup-temp-allocator-size-nav-mesh-worker=65536"
    "memorysetup-temp-allocator-size-audio-worker=65536"
    "memorysetup-temp-allocator-size-cloud-worker=32768"
    "memorysetup-temp-allocator-size-gi-baking-worker=262144"
    "memorysetup-temp-allocator-size-gfx=262144"
Player connection [21984]  Target information:

Player connection [21984]  * "[IP] 172.30.73.92 [Port] 0 [Flags] 2 [Guid] 4032818006 [EditorId] 4032818006 [Version] 1048832 [Id] WindowsEditor(7,DESKTOP-R06SEU4) [Debug] 1 [PackageName] WindowsEditor [ProjectName] Editor" 

Player connection [21984] Host joined multi-casting on [225.0.0.222:54997]...
Player connection [21984] Host joined alternative multi-casting on [225.0.0.222:34997]...
Input System module state changed to: Initialized.
[PhysX] Initialized MultithreadedTaskDispatcher with 20 workers.
Refreshing native plugins compatible for Editor in 10.03 ms, found 3 plugins.
Preloading 0 native plugins for Editor in 0.00 ms.
Initialize engine version: 2022.3.60f1 (5f63fdee6d95)
[Subsystems] Discovering subsystems at path C:/Program Files/Unity/Hub/Editor/2022.3.60f1/Editor/Data/Resources/UnitySubsystems
[Subsystems] Discovering subsystems at path C:/Users/hlj10/DevNull_1_OhMyChristmas/Assets
GfxDevice: creating device client; threaded=0; jobified=0
Direct3D:
    Version:  Direct3D 11.0 [level 11.1]
    Renderer: NVIDIA GeForce RTX 4060 Ti (ID=0x2803)
    Vendor:   NVIDIA
    VRAM:     16109 MB
    Driver:   32.0.15.8088
Initialize mono
Mono path[0] = 'C:/Program Files/Unity/Hub/Editor/2022.3.60f1/Editor/Data/Managed'
Mono path[1] = 'C:/Program Files/Unity/Hub/Editor/2022.3.60f1/Editor/Data/MonoBleedingEdge/lib/mono/unityjit-win32'
Mono config path = 'C:/Program Files/Unity/Hub/Editor/2022.3.60f1/Editor/Data/MonoBleedingEdge/etc'
Using monoOptions --debugger-agent=transport=dt_socket,embedding=1,server=y,suspend=n,address=127.0.0.1:56680
Begin MonoManager ReloadAssembly
Registering precompiled unity dll's ...
Register platform support module: C:/Program Files/Unity/Hub/Editor/2022.3.60f1/Editor/Data/PlaybackEngines/WindowsStandaloneSupport/UnityEditor.WindowsStandalone.Extensions.dll
Register platform support module: C:/Program Files/Unity/Hub/Editor/2022.3.60f1/Editor/Data/PlaybackEngines/MetroSupport/UnityEditor.UWP.Extensions.dll
Registered in 0.005843 seconds.
- Loaded All Assemblies, in  0.240 seconds
Native extension for UWP target not found
Native extension for WindowsStandalone target not found
Mono: successfully reloaded assembly
- Finished resetting the current domain, in  0.161 seconds
Domain Reload Profiling: 400ms
	BeginReloadAssembly (74ms)
		ExecutionOrderSort (0ms)
		DisableScriptedObjects (0ms)
		BackupInstance (0ms)
		ReleaseScriptingObjects (0ms)
		CreateAndSetChildDomain (1ms)
	RebuildCommonClasses (24ms)
	RebuildNativeTypeToScriptingClass (6ms)
	initialDomainReloadingComplete (38ms)
	LoadAllAssembliesAndSetupDomain (97ms)
		LoadAssemblies (73ms)
		RebuildTransferFunctionScriptingTraits (0ms)
		AnalyzeDomain (95ms)
			TypeCache.Refresh (94ms)
				TypeCache.ScanAssembly (83ms)
			ScanForSourceGeneratedMonoScriptInfo (0ms)
			ResolveRequiredComponents (0ms)
	FinalizeReload (161ms)
		ReleaseScriptCaches (0ms)
		RebuildScriptCaches (0ms)
		SetupLoadedEditorAssemblies (134ms)
			LogAssemblyErrors (0ms)
			InitializePlatformSupportModulesInManaged (6ms)
			SetLoadedEditorAssemblies (4ms)
			RefreshPlugins (0ms)
			BeforeProcessingInitializeOnLoad (1ms)
			ProcessInitializeOnLoadAttributes (89ms)
			ProcessInitializeOnLoadMethodAttributes (33ms)
			AfterProcessingInitializeOnLoad (0ms)
			EditorAssembliesLoaded (0ms)
		ExecutionOrderSort2 (0ms)
		AwakeInstancesAfterBackupRestoration (0ms)
========================================================================
Worker process is ready to serve import requests
Caller must complete domain reload
Begin MonoManager ReloadAssembly
- Loaded All Assemblies, in  0.482 seconds
Native extension for UWP target not found
Native extension for WindowsStandalone target not found
Mono: successfully reloaded assembly
- Finished resetting the current domain, in  0.429 seconds
Domain Reload Profiling: 910ms
	BeginReloadAssembly (106ms)
		ExecutionOrderSort (0ms)
		DisableScriptedObjects (3ms)
		BackupInstance (0ms)
		ReleaseScriptingObjects (0ms)
		CreateAndSetChildDomain (16ms)
	RebuildCommonClasses (21ms)
	RebuildNativeTypeToScriptingClass (7ms)
	initialDomainReloadingComplete (26ms)
	LoadAllAssembliesAndSetupDomain (319ms)
		LoadAssemblies (252ms)
		RebuildTransferFunctionScriptingTraits (0ms)
		AnalyzeDomain (133ms)
			TypeCache.Refresh (112ms)
				TypeCache.ScanAssembly (101ms)
			ScanForSourceGeneratedMonoScriptInfo (15ms)
			ResolveRequiredComponents (5ms)
	FinalizeReload (430ms)
		ReleaseScriptCaches (0ms)
		RebuildScriptCaches (0ms)
		SetupLoadedEditorAssemblies (326ms)
			LogAssemblyErrors (0ms)
			InitializePlatformSupportModulesInManaged (5ms)
			SetLoadedEditorAssemblies (3ms)
			RefreshPlugins (0ms)
			BeforeProcessingInitializeOnLoad (46ms)
			ProcessInitializeOnLoadAttributes (253ms)
			ProcessInitializeOnLoadMethodAttributes (14ms)
			AfterProcessingInitializeOnLoad (5ms)
			EditorAssembliesLoaded (0ms)
		ExecutionOrderSort2 (0ms)
		AwakeInstancesAfterBackupRestoration (11ms)
Launched and connected shader compiler UnityShaderCompiler.exe after 0.03 seconds
Refreshing native plugins compatible for Editor in 4.58 ms, found 3 plugins.
Preloading 0 native plugins for Editor in 0.00 ms.
Unloading 4048 Unused Serialized files (Serialized files now loaded: 0)
Unloading 30 unused Assets / (58.4 KB). Loaded Objects now: 4539.
Memory consumption went from 160.5 MB to 160.5 MB.
Total: 1.949600 ms (FindLiveObjects: 0.150900 ms CreateObjectMapping: 0.045300 ms MarkObjects: 1.682100 ms  DeleteObjects: 0.070500 ms)

AssetImportParameters requested are different than current active one (requested -> active):
  custom:container-demuxer-ogg: 62fdf1f143b41e24485cea50d1cbac27 -> 
  custom:video-codec-MediaFoundation-h265: 746d11721c4dcdbdad8f713fa42b33f4 -> 
  custom:video-decoder-ogg-theora: a1e56fd34408186e4bbccfd4996cb3dc -> 
  custom:framework-win-MediaFoundation: 216162199b28c13a410421893ffa2e32 -> 
  custom:CustomObjectIndexerAttribute: 9a22284fe3817be447336de3de66b15e -> 
  custom:container-demuxer-webm: 4f35f7cbe854078d1ac9338744f61a02 -> 
  custom:container-muxer-webm: aa71ff27fc2769a1b78a27578f13a17b -> 
  custom:video-decoder-webm-vp8: 9c59270c3fd7afecdb556c50c9e8de78 -> 
  custom:SearchIndexIgnoredProperties: e643bd26f0fe6173181afceb89e7c659 -> 
  custom:AudioImporter_EditorPlatform: d09bf68614088b80899f8185d706f6e7 -> 
  custom:video-encoder-webm-vp8: eb34c28f22e8b96e1ab97ce403110664 -> 
  custom:audio-decoder-ogg-vorbis: bf7c407c2cedff20999df2af8eb42d56 -> 
  custom:audio-encoder-webm-vorbis: bf7c407c2cedff20999df2af8eb42d56 -> 
========================================================================
Received Import Request.
  Time since last request: 9400.908229 seconds.
  path: Assets/Christmas Game GUI/png/buttons/RightArrow (2).png
  artifactKey: Guid(cb1b9309de3e4104fbe54273f6c3bdc9) Importer(815301076,1909f56bfc062723c751e8b465ee728b)
Start importing Assets/Christmas Game GUI/png/buttons/RightArrow (2).png using Guid(cb1b9309de3e4104fbe54273f6c3bdc9) Importer(815301076,1909f56bfc062723c751e8b465ee728b) [PhysX] Initialized MultithreadedTaskDispatcher with 20 workers.
[PhysX] Initialized MultithreadedTaskDispatcher with 20 workers.
 -> (artifact id: 'cf3da8d04553235169ae0ffdde1a5617') in 0.066699 seconds
Number of updated asset objects reloaded before import = 0
Number of asset objects unloaded after import = 3
========================================================================
Received Import Request.
  Time since last request: 0.000016 seconds.
  path: Assets/Christmas Game GUI/png/buttons/SeekVertical (1).png
  artifactKey: Guid(fa53dacea560d0a408444e9f321f0f4d) Importer(815301076,1909f56bfc062723c751e8b465ee728b)
Start importing Assets/Christmas Game GUI/png/buttons/SeekVertical (1).png using Guid(fa53dacea560d0a408444e9f321f0f4d) Importer(815301076,1909f56bfc062723c751e8b465ee728b) [PhysX] Initialized MultithreadedTaskDispatcher with 20 workers.
[PhysX] Initialized MultithreadedTaskDispatcher with 20 workers.
 -> (artifact id: 'df1f9f3ae764c7a3ff3e9e1427a160a3') in 0.012318 seconds
Number of updated asset objects reloaded before import = 0
Number of asset objects unloaded after import = 3
========================================================================
Received Import Request.
  Time since last request: 0.004527 seconds.
  path: Assets/Christmas Game GUI/png/buttons/Settings (1).png
  artifactKey: Guid(b34dc3775d771624990b5a881b8e1e05) Importer(815301076,1909f56bfc062723c751e8b465ee728b)
Start importing Assets/Christmas Game GUI/png/buttons/Settings (1).png using Guid(b34dc3775d771624990b5a881b8e1e05) Importer(815301076,1909f56bfc062723c751e8b465ee728b) [PhysX] Initialized MultithreadedTaskDispatcher with 20 workers.
[PhysX] Initialized MultithreadedTaskDispatcher with 20 workers.
 -> (artifact id: 'f37fe9222b546d29c88de8783318bbfb') in 0.010417 seconds
Number of updated asset objects reloaded before import = 0
Number of asset objects unloaded after import = 3
========================================================================
Received Import Request.
  Time since last request: 0.004509 seconds.
  path: Assets/Christmas Game GUI/png/buttons/Settings (4).png
  artifactKey: Guid(b86a07a27c3847843bc7a908f3ea50d8) Importer(815301076,1909f56bfc062723c751e8b465ee728b)
Start importing Assets/Christmas Game GUI/png/buttons/Settings (4).png using Guid(b86a07a27c3847843bc7a908f3ea50d8) Importer(815301076,1909f56bfc062723c751e8b465ee728b) [PhysX] Initialized MultithreadedTaskDispatcher with 20 workers.
[PhysX] Initialized MultithreadedTaskDispatcher with 20 workers.
 -> (artifact id: 'e64ef83ecc6f892ff5182c1370d93cd1') in 0.010228 seconds
Number of updated asset objects reloaded before import = 0
Number of asset objects unloaded after import = 3
========================================================================
Received Import Request.
  Time since last request: 0.004653 seconds.
  path: Assets/Christmas Game GUI/png/buttons/Share (3).png
  artifactKey: Guid(68ec209ff8eb65448ac27a443d6aaf9e) Importer(815301076,1909f56bfc062723c751e8b465ee728b)
Start importing Assets/Christmas Game GUI/png/buttons/Share (3).png using Guid(68ec209ff8eb65448ac27a443d6aaf9e) Importer(815301076,1909f56bfc062723c751e8b465ee728b) [PhysX] Initialized MultithreadedTaskDispatcher with 20 workers.
[PhysX] Initialized MultithreadedTaskDispatcher with 20 workers.
 -> (artifact id: 'e317f39fae54d4ca4d157a5b0a34a8fa') in 0.010301 seconds
Number of updated asset objects reloaded before import = 0
Number of asset objects unloaded after import = 3
========================================================================
Received Import Request.
  Time since last request: 0.004580 seconds.
  path: Assets/Christmas Game GUI/png/buttons/Shop (2).png
  artifactKey: Guid(10151d1cfe4165c429a2516bb7d76422) Importer(815301076,1909f56bfc062723c751e8b465ee728b)
Start importing Assets/Christmas Game GUI/png/buttons/Shop (2).png using Guid(10151d1cfe4165c429a2516bb7d76422) Importer(815301076,1909f56bfc062723c751e8b465ee728b) [PhysX] Initialized MultithreadedTaskDispatcher with 20 workers.
[PhysX] Initialized MultithreadedTaskDispatcher with 20 workers.
 -> (artifact id: 'f06b59d5b61cda9da8bf8e4dd0e8321f') in 0.010113 seconds
Number of updated asset objects reloaded before import = 0
Number of asset objects unloaded after import = 3
========================================================================
Received Import Request.
  Time since last request: 0.004348 seconds.
  path: Assets/Christmas Game GUI/png/buttons/SliderHorizontal (1).png
  artifactKey: Guid(3155716d28b724749bdd1fc0ee4a25e2) Importer(815301076,1909f56bfc062723c751e8b465ee728b)
Start importing Assets/Christmas Game GUI/png/buttons/SliderHorizontal (1).png using Guid(3155716d28b724749bdd1fc0ee4a25e2) Importer(815301076,1909f56bfc062723c751e8b465ee728b) [PhysX] Initialized MultithreadedTaskDispatcher with 20 workers.
[PhysX] Initialized MultithreadedTaskDispatcher with 20 workers.
 -> (artifact id: '64f28023f13274bc673b734f48e4d296') in 0.010035 seconds
Number of updated asset objects reloaded before import = 0
Number of asset objects unloaded after import = 3
========================================================================
Received Import Request.
  Time since last request: 0.005022 seconds.
  path: Assets/Christmas Game GUI/png/buttons/SliderHorizontal (4).png
  artifactKey: Guid(84549cd8fdae20042adf2632bb9c591a) Importer(815301076,1909f56bfc062723c751e8b465ee728b)
Start importing Assets/Christmas Game GUI/png/buttons/SliderHorizontal (4).png using Guid(84549cd8fdae20042adf2632bb9c591a) Importer(815301076,1909f56bfc062723c751e8b465ee728b) [PhysX] Initialized MultithreadedTaskDispatcher with 20 workers.
[PhysX] Initialized MultithreadedTaskDispatcher with 20 workers.
 -> (artifact id: '9443d0ad4126d03a4f794b5823aabbff') in 0.009618 seconds
Number of updated asset objects reloaded before import = 0
Number of asset objects unloaded after import = 3
========================================================================
Received Import Request.
  Time since last request: 0.004710 seconds.
  path: Assets/Christmas Game GUI/png/buttons/SliderVertical (3).png
  artifactKey: Guid(a8d80f06262d5aa4fa2dc72a75da60ec) Importer(815301076,1909f56bfc062723c751e8b465ee728b)
Start importing Assets/Christmas Game GUI/png/buttons/SliderVertical (3).png using Guid(a8d80f06262d5aa4fa2dc72a75da60ec) Importer(815301076,1909f56bfc062723c751e8b465ee728b) [PhysX] Initialized MultithreadedTaskDispatcher with 20 workers.
[PhysX] Initialized MultithreadedTaskDispatcher with 20 workers.
 -> (artifact id: '38ce110c689e9ab534708f5955f3b99e') in 0.009407 seconds
Number of updated asset objects reloaded before import = 0
Number of asset objects unloaded after import = 3
========================================================================
Received Import Request.
  Time since last request: 0.010524 seconds.
  path: Assets/Christmas Game GUI/png/buttons/Sound (2).png
  artifactKey: Guid(f534d47d91f92fe42bce89e943585bad) Importer(815301076,1909f56bfc062723c751e8b465ee728b)
Start importing Assets/Christmas Game GUI/png/buttons/Sound (2).png using Guid(f534d47d91f92fe42bce89e943585bad) Importer(815301076,1909f56bfc062723c751e8b465ee728b) [PhysX] Initialized MultithreadedTaskDispatcher with 20 workers.
[PhysX] Initialized MultithreadedTaskDispatcher with 20 workers.
 -> (artifact id: '5c4de75b1ae141b28c5e9006bbe8c35f') in 0.011346 seconds
Number of updated asset objects reloaded before import = 0
Number of asset objects unloaded after import = 3
========================================================================
Received Import Request.
  Time since last request: 0.003768 seconds.
  path: Assets/Christmas Game GUI/png/buttons/Trash (1).png
  artifactKey: Guid(ab611b16d15abb54c921191d8f1044b3) Importer(815301076,1909f56bfc062723c751e8b465ee728b)
Start importing Assets/Christmas Game GUI/png/buttons/Trash (1).png using Guid(ab611b16d15abb54c921191d8f1044b3) Importer(815301076,1909f56bfc062723c751e8b465ee728b) [PhysX] Initialized MultithreadedTaskDispatcher with 20 workers.
[PhysX] Initialized MultithreadedTaskDispatcher with 20 workers.
 -> (artifact id: '035c9a911fcaa822415d550500a2a672') in 0.010170 seconds
Number of updated asset objects reloaded before import = 0
Number of asset objects unloaded after import = 3
========================================================================
Received Import Request.
  Time since last request: 0.004321 seconds.
  path: Assets/Christmas Game GUI/png/buttons/Trash (4).png
  artifactKey: Guid(48a3c443de6f849499454aac27c9eb91) Importer(815301076,1909f56bfc062723c751e8b465ee728b)
Start importing Assets/Christmas Game GUI/png/buttons/Trash (4).png using Guid(48a3c443de6f849499454aac27c9eb91) Importer(815301076,1909f56bfc062723c751e8b465ee728b) [PhysX] Initialized MultithreadedTaskDispatcher with 20 workers.
[PhysX] Initialized MultithreadedTaskDispatcher with 20 workers.
 -> (artifact id: '0bdc50ab208dade0346953beef4286da') in 0.012685 seconds
Number of updated asset objects reloaded before import = 0
Number of asset objects unloaded after import = 3
========================================================================
Received Import Request.
  Time since last request: 0.182450 seconds.
  path: Assets/Christmas Game GUI/png/buttons/Trophy (3).png
  artifactKey: Guid(981eb9834d357cd4f93e473d0ec6c80c) Importer(815301076,1909f56bfc062723c751e8b465ee728b)
Start importing Assets/Christmas Game GUI/png/buttons/Trophy (3).png using Guid(981eb9834d357cd4f93e473d0ec6c80c) Importer(815301076,1909f56bfc062723c751e8b465ee728b) [PhysX] Initialized MultithreadedTaskDispatcher with 20 workers.
[PhysX] Initialized MultithreadedTaskDispatcher with 20 workers.
 -> (artifact id: '74cb100ace1cd05958d03818005ffe93') in 0.012628 seconds
Number of updated asset objects reloaded before import = 0
Number of asset objects unloaded after import = 3
========================================================================
Received Import Request.
  Time since last request: 0.002154 seconds.
  path: Assets/Christmas Game GUI/png/buttons/Twitter (2).png
  artifactKey: Guid(47f2fa99d0141b14b96f3e09e2709c9c) Importer(815301076,1909f56bfc062723c751e8b465ee728b)
Start importing Assets/Christmas Game GUI/png/buttons/Twitter (2).png using Guid(47f2fa99d0141b14b96f3e09e2709c9c) Importer(815301076,1909f56bfc062723c751e8b465ee728b) [PhysX] Initialized MultithreadedTaskDispatcher with 20 workers.
[PhysX] Initialized MultithreadedTaskDispatcher with 20 workers.
 -> (artifact id: 'ea42ec4cab4b96e2db4b2c1e93470ede') in 0.009540 seconds
Number of updated asset objects reloaded before import = 0
Number of asset objects unloaded after import = 3
========================================================================
Received Import Request.
  Time since last request: 0.005094 seconds.
  path: Assets/Christmas Game GUI/png/buttons/Up (1).png
  artifactKey: Guid(2fa2c01563f622f4d9af5b06ca5ed088) Importer(815301076,1909f56bfc062723c751e8b465ee728b)
Start importing Assets/Christmas Game GUI/png/buttons/Up (1).png using Guid(2fa2c01563f622f4d9af5b06ca5ed088) Importer(815301076,1909f56bfc062723c751e8b465ee728b) [PhysX] Initialized MultithreadedTaskDispatcher with 20 workers.
[PhysX] Initialized MultithreadedTaskDispatcher with 20 workers.
 -> (artifact id: '27cda48ff81e61e0b0c0a80100aa2bab') in 0.010435 seconds
Number of updated asset objects reloaded before import = 0
Number of asset objects unloaded after import = 3
========================================================================
Received Import Request.
  Time since last request: 0.008755 seconds.
  path: Assets/Christmas Game GUI/png/buttons/Up (4).png
  artifactKey: Guid(abfe2b85c76422f4495cee56ef0baf79) Importer(815301076,1909f56bfc062723c751e8b465ee728b)
Start importing Assets/Christmas Game GUI/png/buttons/Up (4).png using Guid(abfe2b85c76422f4495cee56ef0baf79) Importer(815301076,1909f56bfc062723c751e8b465ee728b) [PhysX] Initialized MultithreadedTaskDispatcher with 20 workers.
[PhysX] Initialized MultithreadedTaskDispatcher with 20 workers.
 -> (artifact id: 'a2899bcdfad536e48f9600d5a3add37f') in 0.010344 seconds
Number of updated asset objects reloaded before import = 0
Number of asset objects unloaded after import = 3
========================================================================
Received Import Request.
  Time since last request: 0.003893 seconds.
  path: Assets/Christmas Game GUI/png/buttons/UpArrow (3).png
  artifactKey: Guid(e92d8fc0bc3e29d49b16392c30271948) Importer(815301076,1909f56bfc062723c751e8b465ee728b)
Start importing Assets/Christmas Game GUI/png/buttons/UpArrow (3).png using Guid(e92d8fc0bc3e29d49b16392c30271948) Importer(815301076,1909f56bfc062723c751e8b465ee728b) [PhysX] Initialized MultithreadedTaskDispatcher with 20 workers.
[PhysX] Initialized MultithreadedTaskDispatcher with 20 workers.
 -> (artifact id: '5ed0475a8613c809836387f77b14672b') in 0.009233 seconds
Number of updated asset objects reloaded before import = 0
Number of asset objects unloaded after import = 3
========================================================================
Received Import Request.
  Time since last request: 0.004745 seconds.
  path: Assets/Christmas Game GUI/png/buttons/Upload (2).png
  artifactKey: Guid(a823c0e8d33b4a8489142cc338ba83c0) Importer(815301076,1909f56bfc062723c751e8b465ee728b)
Start importing Assets/Christmas Game GUI/png/buttons/Upload (2).png using Guid(a823c0e8d33b4a8489142cc338ba83c0) Importer(815301076,1909f56bfc062723c751e8b465ee728b) [PhysX] Initialized MultithreadedTaskDispatcher with 20 workers.
[PhysX] Initialized MultithreadedTaskDispatcher with 20 workers.
 -> (artifact id: 'e9a76dab78f79711ef2b9a12dc4d9bd0') in 0.012498 seconds
Number of updated asset objects reloaded before import = 0
Number of asset objects unloaded after import = 3
========================================================================
Received Import Request.
  Time since last request: 0.002096 seconds.
  path: Assets/Christmas Game GUI/png/buttons/Yes (1).png
  artifactKey: Guid(34f0ff8a1a3967545b9434ff402e8717) Importer(815301076,1909f56bfc062723c751e8b465ee728b)
Start importing Assets/Christmas Game GUI/png/buttons/Yes (1).png using Guid(34f0ff8a1a3967545b9434ff402e8717) Importer(815301076,1909f56bfc062723c751e8b465ee728b) [PhysX] Initialized MultithreadedTaskDispatcher with 20 workers.
[PhysX] Initialized MultithreadedTaskDispatcher with 20 workers.
 -> (artifact id: '2f00db0753074568906c3678141e0b82') in 0.012570 seconds
Number of updated asset objects reloaded before import = 0
Number of asset objects unloaded after import = 3
========================================================================
Received Import Request.
  Time since last request: 0.002434 seconds.
  path: Assets/Christmas Game GUI/png/buttons/Yes (4).png
  artifactKey: Guid(fbcf5f45675bcca4197c0918c9a232d1) Importer(815301076,1909f56bfc062723c751e8b465ee728b)
Start importing Assets/Christmas Game GUI/png/buttons/Yes (4).png using Guid(fbcf5f45675bcca4197c0918c9a232d1) Importer(815301076,1909f56bfc062723c751e8b465ee728b) [PhysX] Initialized MultithreadedTaskDispatcher with 20 workers.
[PhysX] Initialized MultithreadedTaskDispatcher with 20 workers.
 -> (artifact id: '4fc4dfcb519b3273c46581e383dedd50') in 0.010414 seconds
Number of updated asset objects reloaded before import = 0
Number of asset objects unloaded after import = 3
========================================================================
Received Import Request.
  Time since last request: 3.618485 seconds.
  path: Assets/Christmas Game GUI/png/buttons/Blank/BlankText (1).png
  artifactKey: Guid(e346432b92e9cd443878ae546653c2ad) Importer(815301076,1909f56bfc062723c751e8b465ee728b)
Start importing Assets/Christmas Game GUI/png/buttons/Blank/BlankText (1).png using Guid(e346432b92e9cd443878ae546653c2ad) Importer(815301076,1909f56bfc062723c751e8b465ee728b) [PhysX] Initialized MultithreadedTaskDispatcher with 20 workers.
[PhysX] Initialized MultithreadedTaskDispatcher with 20 workers.
 -> (artifact id: 'b84c968ce497077888711404c64ebc02') in 0.027112 seconds
Number of updated asset objects reloaded before import = 0
Number of asset objects unloaded after import = 3
========================================================================
Received Import Request.
  Time since last request: 48.579055 seconds.
  path: Assets/Christmas Game GUI/png/elements/buttons/Action/NoEnergy (2).png
  artifactKey: Guid(a6c831b2992db354f8ce340309e4969d) Importer(815301076,1909f56bfc062723c751e8b465ee728b)
Start importing Assets/Christmas Game GUI/png/elements/buttons/Action/NoEnergy (2).png using Guid(a6c831b2992db354f8ce340309e4969d) Importer(815301076,1909f56bfc062723c751e8b465ee728b) [PhysX] Initialized MultithreadedTaskDispatcher with 20 workers.
[PhysX] Initialized MultithreadedTaskDispatcher with 20 workers.
 -> (artifact id: 'b3459e191446eda7734091b4a7eb11bb') in 0.017109 seconds
Number of updated asset objects reloaded before import = 0
Number of asset objects unloaded after import = 3
========================================================================
Received Import Request.
  Time since last request: 4.389698 seconds.
  path: Assets/Christmas Game GUI/png/elements/buttons/Buy/Locked.png
  artifactKey: Guid(7b92870a628ade24d9da46553e17ada5) Importer(815301076,1909f56bfc062723c751e8b465ee728b)
Start importing Assets/Christmas Game GUI/png/elements/buttons/Buy/Locked.png using Guid(7b92870a628ade24d9da46553e17ada5) Importer(815301076,1909f56bfc062723c751e8b465ee728b) [PhysX] Initialized MultithreadedTaskDispatcher with 20 workers.
[PhysX] Initialized MultithreadedTaskDispatcher with 20 workers.
 -> (artifact id: '055ead7b5c596bfde09d515dfd4498be') in 0.012156 seconds
Number of updated asset objects reloaded before import = 0
Number of asset objects unloaded after import = 3
========================================================================
Received Import Request.
  Time since last request: 0.002087 seconds.
  path: Assets/Christmas Game GUI/png/elements/buttons/Buy/Money (2).png
  artifactKey: Guid(e29514afee1cc644785700fee04eb443) Importer(815301076,1909f56bfc062723c751e8b465ee728b)
Start importing Assets/Christmas Game GUI/png/elements/buttons/Buy/Money (2).png using Guid(e29514afee1cc644785700fee04eb443) Importer(815301076,1909f56bfc062723c751e8b465ee728b) [PhysX] Initialized MultithreadedTaskDispatcher with 20 workers.
[PhysX] Initialized MultithreadedTaskDispatcher with 20 workers.
 -> (artifact id: '0ba453b57b1a176685e5391aa8f624cb') in 0.011240 seconds
Number of updated asset objects reloaded before import = 0
Number of asset objects unloaded after import = 3
========================================================================
Received Import Request.
  Time since last request: 1.014805 seconds.
  path: Assets/Christmas Game GUI/png/elements/buttons/Skill/SkillButton (2).png
  artifactKey: Guid(8a850c2bf9e2d5b469bf20c4dba90292) Importer(815301076,1909f56bfc062723c751e8b465ee728b)
Start importing Assets/Christmas Game GUI/png/elements/buttons/Skill/SkillButton (2).png using Guid(8a850c2bf9e2d5b469bf20c4dba90292) Importer(815301076,1909f56bfc062723c751e8b465ee728b) [PhysX] Initialized MultithreadedTaskDispatcher with 20 workers.
[PhysX] Initialized MultithreadedTaskDispatcher with 20 workers.
 -> (artifact id: '29939cfb4e08ca4e67b52879cfd3ba36') in 0.013674 seconds
Number of updated asset objects reloaded before import = 0
Number of asset objects unloaded after import = 3
========================================================================
Received Import Request.
  Time since last request: 137.191721 seconds.
  path: Assets/Christmas Game GUI/png/elements/HUD/Bar/Energy (2).png
  artifactKey: Guid(7021b28dc173b67499afd34fbd9e5ba4) Importer(815301076,1909f56bfc062723c751e8b465ee728b)
Start importing Assets/Christmas Game GUI/png/elements/HUD/Bar/Energy (2).png using Guid(7021b28dc173b67499afd34fbd9e5ba4) Importer(815301076,1909f56bfc062723c751e8b465ee728b) [PhysX] Initialized MultithreadedTaskDispatcher with 20 workers.
[PhysX] Initialized MultithreadedTaskDispatcher with 20 workers.
 -> (artifact id: '61c9a04fdcea35704a01f4fd04d4e180') in 0.011027 seconds
Number of updated asset objects reloaded before import = 0
Number of asset objects unloaded after import = 3
========================================================================
Received Import Request.
  Time since last request: 0.000014 seconds.
  path: Assets/Christmas Game GUI/png/elements/HUD/Bar/Health (1).png
  artifactKey: Guid(123cbc9ee55151e449e6cec0cb96151c) Importer(815301076,1909f56bfc062723c751e8b465ee728b)
Start importing Assets/Christmas Game GUI/png/elements/HUD/Bar/Health (1).png using Guid(123cbc9ee55151e449e6cec0cb96151c) Importer(815301076,1909f56bfc062723c751e8b465ee728b) [PhysX] Initialized MultithreadedTaskDispatcher with 20 workers.
[PhysX] Initialized MultithreadedTaskDispatcher with 20 workers.
 -> (artifact id: 'd6dcae1859eb322cd8490ba8f9aa5987') in 0.011076 seconds
Number of updated asset objects reloaded before import = 0
Number of asset objects unloaded after import = 3
========================================================================
Received Import Request.
  Time since last request: 0.000020 seconds.
  path: Assets/Christmas Game GUI/png/elements/HUD/Bar/Shield (2).png
  artifactKey: Guid(af11c005ce5957e45b6f77dff6402087) Importer(815301076,1909f56bfc062723c751e8b465ee728b)
Start importing Assets/Christmas Game GUI/png/elements/HUD/Bar/Shield (2).png using Guid(af11c005ce5957e45b6f77dff6402087) Importer(815301076,1909f56bfc062723c751e8b465ee728b) [PhysX] Initialized MultithreadedTaskDispatcher with 20 workers.
[PhysX] Initialized MultithreadedTaskDispatcher with 20 workers.
 -> (artifact id: '0dac67432fe2e00348382ed5852722b2') in 0.010195 seconds
Number of updated asset objects reloaded before import = 0
Number of asset objects unloaded after import = 3
========================================================================
Received Import Request.
  Time since last request: 11.091085 seconds.
  path: Assets/Christmas Game GUI/png/elements/HUD/Icon/IconPlaceholder.png
  artifactKey: Guid(88533d7ffa05ce64a97bd87ab4ac2256) Importer(815301076,1909f56bfc062723c751e8b465ee728b)
Start importing Assets/Christmas Game GUI/png/elements/HUD/Icon/IconPlaceholder.png using Guid(88533d7ffa05ce64a97bd87ab4ac2256) Importer(815301076,1909f56bfc062723c751e8b465ee728b) [PhysX] Initialized MultithreadedTaskDispatcher with 20 workers.
[PhysX] Initialized MultithreadedTaskDispatcher with 20 workers.
 -> (artifact id: 'a887365a1b888a1addb0d818371efca5') in 0.014220 seconds
Number of updated asset objects reloaded before import = 0
Number of asset objects unloaded after import = 3
========================================================================
Received Import Request.
  Time since last request: 2.651950 seconds.
  path: Assets/Christmas Game GUI/png/elements/HUD/Text/Gems.png
  artifactKey: Guid(74c6a4433b9bbe6469925996f4b41c60) Importer(815301076,1909f56bfc062723c751e8b465ee728b)
Start importing Assets/Christmas Game GUI/png/elements/HUD/Text/Gems.png using Guid(74c6a4433b9bbe6469925996f4b41c60) Importer(815301076,1909f56bfc062723c751e8b465ee728b) [PhysX] Initialized MultithreadedTaskDispatcher with 20 workers.
[PhysX] Initialized MultithreadedTaskDispatcher with 20 workers.
 -> (artifact id: '96ecfd205800c00906492c90653c5991') in 0.009213 seconds
Number of updated asset objects reloaded before import = 0
Number of asset objects unloaded after import = 3
========================================================================
Received Import Request.
  Time since last request: 0.000014 seconds.
  path: Assets/Christmas Game GUI/png/elements/HUD/Text/NoGems.png
  artifactKey: Guid(723310c42f047f643935596c6e92d740) Importer(815301076,1909f56bfc062723c751e8b465ee728b)
Start importing Assets/Christmas Game GUI/png/elements/HUD/Text/NoGems.png using Guid(723310c42f047f643935596c6e92d740) Importer(815301076,1909f56bfc062723c751e8b465ee728b) [PhysX] Initialized MultithreadedTaskDispatcher with 20 workers.
[PhysX] Initialized MultithreadedTaskDispatcher with 20 workers.
 -> (artifact id: 'd9a316755c8e37b39fc5aa9ca01badfd') in 0.009963 seconds
Number of updated asset objects reloaded before import = 0
Number of asset objects unloaded after import = 3
========================================================================
Received Import Request.
  Time since last request: 0.000013 seconds.
  path: Assets/Christmas Game GUI/png/elements/HUD/Text/Time.png
  artifactKey: Guid(b15d65620219a51489958558df44dae3) Importer(815301076,1909f56bfc062723c751e8b465ee728b)
Start importing Assets/Christmas Game GUI/png/elements/HUD/Text/Time.png using Guid(b15d65620219a51489958558df44dae3) Importer(815301076,1909f56bfc062723c751e8b465ee728b) [PhysX] Initialized MultithreadedTaskDispatcher with 20 workers.
[PhysX] Initialized MultithreadedTaskDispatcher with 20 workers.
 -> (artifact id: 'b01bcd006b871a7a14bf8efb1269713f') in 0.009681 seconds
Number of updated asset objects reloaded before import = 0
Number of asset objects unloaded after import = 3
========================================================================
Received Import Request.
  Time since last request: 5.875326 seconds.
  path: Assets/Christmas Game GUI/png/elements/icons/Icon (2).png
  artifactKey: Guid(0aad93a18982ed94d965935bccdf5eb5) Importer(815301076,1909f56bfc062723c751e8b465ee728b)
Start importing Assets/Christmas Game GUI/png/elements/icons/Icon (2).png using Guid(0aad93a18982ed94d965935bccdf5eb5) Importer(815301076,1909f56bfc062723c751e8b465ee728b) [PhysX] Initialized MultithreadedTaskDispatcher with 20 workers.
[PhysX] Initialized MultithreadedTaskDispatcher with 20 workers.
 -> (artifact id: 'f7a9bdebac34505525a8796721d50a1a') in 0.010213 seconds
Number of updated asset objects reloaded before import = 0
Number of asset objects unloaded after import = 3
========================================================================
Received Import Request.
  Time since last request: 0.000013 seconds.
  path: Assets/Christmas Game GUI/png/elements/icons/Icon (4).png
  artifactKey: Guid(e6e6c5143175e0545b39485e30726fef) Importer(815301076,1909f56bfc062723c751e8b465ee728b)
Start importing Assets/Christmas Game GUI/png/elements/icons/Icon (4).png using Guid(e6e6c5143175e0545b39485e30726fef) Importer(815301076,1909f56bfc062723c751e8b465ee728b) [PhysX] Initialized MultithreadedTaskDispatcher with 20 workers.
[PhysX] Initialized MultithreadedTaskDispatcher with 20 workers.
 -> (artifact id: '5323e957d05f5206e26cff5fa5797b0b') in 0.014976 seconds
Number of updated asset objects reloaded before import = 0
Number of asset objects unloaded after import = 3
========================================================================
Received Import Request.
  Time since last request: 0.000015 seconds.
  path: Assets/Christmas Game GUI/png/elements/icons/Icon (7).png
  artifactKey: Guid(26b480d2bc88b304ca1aa1715978e834) Importer(815301076,1909f56bfc062723c751e8b465ee728b)
Start importing Assets/Christmas Game GUI/png/elements/icons/Icon (7).png using Guid(26b480d2bc88b304ca1aa1715978e834) Importer(815301076,1909f56bfc062723c751e8b465ee728b) [PhysX] Initialized MultithreadedTaskDispatcher with 20 workers.
[PhysX] Initialized MultithreadedTaskDispatcher with 20 workers.
 -> (artifact id: '49c54173c1daf5d963e7444485c84251') in 0.010617 seconds
Number of updated asset objects reloaded before import = 0
Number of asset objects unloaded after import = 3
========================================================================
Received Import Request.
  Time since last request: 0.002858 seconds.
  path: Assets/Christmas Game GUI/png/elements/icons/Icon (5).png
  artifactKey: Guid(79f3bbfde412a38488ab4891b706e66a) Importer(815301076,1909f56bfc062723c751e8b465ee728b)
Start importing Assets/Christmas Game GUI/png/elements/icons/Icon (5).png using Guid(79f3bbfde412a38488ab4891b706e66a) Importer(815301076,1909f56bfc062723c751e8b465ee728b) [PhysX] Initialized MultithreadedTaskDispatcher with 20 workers.
[PhysX] Initialized MultithreadedTaskDispatcher with 20 workers.
 -> (artifact id: '88125997827b3b03eb2a0b08d0068d24') in 0.015829 seconds
Number of updated asset objects reloaded before import = 0
Number of asset objects unloaded after import = 3
========================================================================
Received Import Request.
  Time since last request: 0.000012 seconds.
  path: Assets/Christmas Game GUI/png/elements/icons/Icon (12).png
  artifactKey: Guid(f67db4f52f77a96459d50ae97e7ab11c) Importer(815301076,1909f56bfc062723c751e8b465ee728b)
Start importing Assets/Christmas Game GUI/png/elements/icons/Icon (12).png using Guid(f67db4f52f77a96459d50ae97e7ab11c) Importer(815301076,1909f56bfc062723c751e8b465ee728b) [PhysX] Initialized MultithreadedTaskDispatcher with 20 workers.
[PhysX] Initialized MultithreadedTaskDispatcher with 20 workers.
 -> (artifact id: '9c0de8ab8ef153a60fbd486b552c6127') in 0.013247 seconds
Number of updated asset objects reloaded before import = 0
Number of asset objects unloaded after import = 3
========================================================================
Received Import Request.
  Time since last request: 0.000015 seconds.
  path: Assets/Christmas Game GUI/png/elements/icons/Icon (14).png
  artifactKey: Guid(6baea95f7a1f3fd4a8bd478928e07d5a) Importer(815301076,1909f56bfc062723c751e8b465ee728b)
Start importing Assets/Christmas Game GUI/png/elements/icons/Icon (14).png using Guid(6baea95f7a1f3fd4a8bd478928e07d5a) Importer(815301076,1909f56bfc062723c751e8b465ee728b) [PhysX] Initialized MultithreadedTaskDispatcher with 20 workers.
[PhysX] Initialized MultithreadedTaskDispatcher with 20 workers.
 -> (artifact id: '84c5da9488f28bf6bd5905f45a125cc7') in 0.013672 seconds
Number of updated asset objects reloaded before import = 0
Number of asset objects unloaded after import = 3
========================================================================
Received Import Request.
  Time since last request: 0.001345 seconds.
  path: Assets/Christmas Game GUI/png/elements/icons/Icon (17).png
  artifactKey: Guid(7ef9a99e96f1d4d4a9227737cb80e46f) Importer(815301076,1909f56bfc062723c751e8b465ee728b)
Start importing Assets/Christmas Game GUI/png/elements/icons/Icon (17).png using Guid(7ef9a99e96f1d4d4a9227737cb80e46f) Importer(815301076,1909f56bfc062723c751e8b465ee728b) [PhysX] Initialized MultithreadedTaskDispatcher with 20 workers.
[PhysX] Initialized MultithreadedTaskDispatcher with 20 workers.
 -> (artifact id: '56769d5268a19bd9f70c323d851ee9bb') in 0.012545 seconds
Number of updated asset objects reloaded before import = 0
Number of asset objects unloaded after import = 3
========================================================================
Received Import Request.
  Time since last request: 0.000013 seconds.
  path: Assets/Christmas Game GUI/png/elements/icons/Icon (19).png
  artifactKey: Guid(926f31236be6c2843a72f2050b2ea41a) Importer(815301076,1909f56bfc062723c751e8b465ee728b)
Start importing Assets/Christmas Game GUI/png/elements/icons/Icon (19).png using Guid(926f31236be6c2843a72f2050b2ea41a) Importer(815301076,1909f56bfc062723c751e8b465ee728b) [PhysX] Initialized MultithreadedTaskDispatcher with 20 workers.
[PhysX] Initialized MultithreadedTaskDispatcher with 20 workers.
 -> (artifact id: 'b857f547e7d0881a01e55565cdfec9a0') in 0.012734 seconds
Number of updated asset objects reloaded before import = 0
Number of asset objects unloaded after import = 3
========================================================================
Received Import Request.
  Time since last request: 0.000014 seconds.
  path: Assets/Christmas Game GUI/png/elements/icons/Icon (16).png
  artifactKey: Guid(e8201fd74830aff47922aee151a958ad) Importer(815301076,1909f56bfc062723c751e8b465ee728b)
Start importing Assets/Christmas Game GUI/png/elements/icons/Icon (16).png using Guid(e8201fd74830aff47922aee151a958ad) Importer(815301076,1909f56bfc062723c751e8b465ee728b) [PhysX] Initialized MultithreadedTaskDispatcher with 20 workers.
[PhysX] Initialized MultithreadedTaskDispatcher with 20 workers.
 -> (artifact id: '4c2458795d383ec2216e8512963950c1') in 0.010374 seconds
Number of updated asset objects reloaded before import = 0
Number of asset objects unloaded after import = 3
========================================================================
Received Import Request.
  Time since last request: 0.000013 seconds.
  path: Assets/Christmas Game GUI/png/elements/icons/Icon (22).png
  artifactKey: Guid(6bc49099606136141adaa729ff3b4b57) Importer(815301076,1909f56bfc062723c751e8b465ee728b)
Start importing Assets/Christmas Game GUI/png/elements/icons/Icon (22).png using Guid(6bc49099606136141adaa729ff3b4b57) Importer(815301076,1909f56bfc062723c751e8b465ee728b) [PhysX] Initialized MultithreadedTaskDispatcher with 20 workers.
[PhysX] Initialized MultithreadedTaskDispatcher with 20 workers.
 -> (artifact id: 'a5389991f44aac632590b623cdd67627') in 0.014003 seconds
Number of updated asset objects reloaded before import = 0
Number of asset objects unloaded after import = 3
========================================================================
Received Import Request.
  Time since last request: 0.000015 seconds.
  path: Assets/Christmas Game GUI/png/elements/icons/Icon (10).png
  artifactKey: Guid(346fcdb24f80a5f49bb33ed3f7df06fe) Importer(815301076,1909f56bfc062723c751e8b465ee728b)
Start importing Assets/Christmas Game GUI/png/elements/icons/Icon (10).png using Guid(346fcdb24f80a5f49bb33ed3f7df06fe) Importer(815301076,1909f56bfc062723c751e8b465ee728b) [PhysX] Initialized MultithreadedTaskDispatcher with 20 workers.
[PhysX] Initialized MultithreadedTaskDispatcher with 20 workers.
 -> (artifact id: '009edda4779502c8fb8d2270694e8654') in 0.018089 seconds
Number of updated asset objects reloaded before import = 0
Number of asset objects unloaded after import = 3
========================================================================
Received Import Request.
  Time since last request: 0.000011 seconds.
  path: Assets/Christmas Game GUI/png/elements/icons/Icon (20).png
  artifactKey: Guid(78ed512db069d7249885fd07bccf8db7) Importer(815301076,1909f56bfc062723c751e8b465ee728b)
Start importing Assets/Christmas Game GUI/png/elements/icons/Icon (20).png using Guid(78ed512db069d7249885fd07bccf8db7) Importer(815301076,1909f56bfc062723c751e8b465ee728b) [PhysX] Initialized MultithreadedTaskDispatcher with 20 workers.
[PhysX] Initialized MultithreadedTaskDispatcher with 20 workers.
 -> (artifact id: '54d7db70ab63f51871e42f4e79cdf827') in 0.018455 seconds
Number of updated asset objects reloaded before import = 0
Number of asset objects unloaded after import = 3
========================================================================
Received Import Request.
  Time since last request: 15.755049 seconds.
  path: Assets/Christmas Game GUI/png/elements/icons/Star/3Stars.png
  artifactKey: Guid(951edf2038f8a4942aeb596b8f8acb7a) Importer(815301076,1909f56bfc062723c751e8b465ee728b)
Start importing Assets/Christmas Game GUI/png/elements/icons/Star/3Stars.png using Guid(951edf2038f8a4942aeb596b8f8acb7a) Importer(815301076,1909f56bfc062723c751e8b465ee728b) [PhysX] Initialized MultithreadedTaskDispatcher with 20 workers.
[PhysX] Initialized MultithreadedTaskDispatcher with 20 workers.
 -> (artifact id: '9b945bd94bee584bd06dab22e020af43') in 0.031477 seconds
Number of updated asset objects reloaded before import = 0
Number of asset objects unloaded after import = 3
========================================================================
Received Import Request.
  Time since last request: 1.948925 seconds.
  path: Assets/Christmas Game GUI/png/elements/icons/Decorations/Decoration (3).png
  artifactKey: Guid(827d857ae22b5b443afb32e323746cce) Importer(815301076,1909f56bfc062723c751e8b465ee728b)
Start importing Assets/Christmas Game GUI/png/elements/icons/Decorations/Decoration (3).png using Guid(827d857ae22b5b443afb32e323746cce) Importer(815301076,1909f56bfc062723c751e8b465ee728b) [PhysX] Initialized MultithreadedTaskDispatcher with 20 workers.
[PhysX] Initialized MultithreadedTaskDispatcher with 20 workers.
 -> (artifact id: '4fdab4d0707ad1b186d0c81db0cfde07') in 0.011044 seconds
Number of updated asset objects reloaded before import = 0
Number of asset objects unloaded after import = 3
========================================================================
Received Import Request.
  Time since last request: 0.002732 seconds.
  path: Assets/Christmas Game GUI/png/elements/icons/Decorations/Decoration (6).png
  artifactKey: Guid(051fc876d070ffd4798a40ec177f29e6) Importer(815301076,1909f56bfc062723c751e8b465ee728b)
Start importing Assets/Christmas Game GUI/png/elements/icons/Decorations/Decoration (6).png using Guid(051fc876d070ffd4798a40ec177f29e6) Importer(815301076,1909f56bfc062723c751e8b465ee728b) [PhysX] Initialized MultithreadedTaskDispatcher with 20 workers.
[PhysX] Initialized MultithreadedTaskDispatcher with 20 workers.
 -> (artifact id: 'fdbe22bbefa11c213c2272bc8d516ccd') in 0.011480 seconds
Number of updated asset objects reloaded before import = 0
Number of asset objects unloaded after import = 3
========================================================================
Received Import Request.
  Time since last request: 11.402969 seconds.
  path: Assets/Christmas Game GUI/png/elements/indicators/Button/ButtonIndicator (3).png
  artifactKey: Guid(e2286dfb04c2fa8479a973e5b7193304) Importer(815301076,1909f56bfc062723c751e8b465ee728b)
Start importing Assets/Christmas Game GUI/png/elements/indicators/Button/ButtonIndicator (3).png using Guid(e2286dfb04c2fa8479a973e5b7193304) Importer(815301076,1909f56bfc062723c751e8b465ee728b) [PhysX] Initialized MultithreadedTaskDispatcher with 20 workers.
[PhysX] Initialized MultithreadedTaskDispatcher with 20 workers.
 -> (artifact id: '370cb47f417b2dc01308efcf8b5601ca') in 0.033840 seconds
Number of updated asset objects reloaded before import = 0
Number of asset objects unloaded after import = 3
========================================================================
Received Import Request.
  Time since last request: 5.364942 seconds.
  path: Assets/Christmas Game GUI/png/elements/items/Score/Badge (3).png
  artifactKey: Guid(e6d767de92264e74f9aae23c658bf21e) Importer(815301076,1909f56bfc062723c751e8b465ee728b)
Start importing Assets/Christmas Game GUI/png/elements/items/Score/Badge (3).png using Guid(e6d767de92264e74f9aae23c658bf21e) Importer(815301076,1909f56bfc062723c751e8b465ee728b) [PhysX] Initialized MultithreadedTaskDispatcher with 20 workers.
[PhysX] Initialized MultithreadedTaskDispatcher with 20 workers.
 -> (artifact id: 'f49555d52dfac7f5f88702d1996d534f') in 0.014341 seconds
Number of updated asset objects reloaded before import = 0
Number of asset objects unloaded after import = 3
========================================================================
Received Import Request.
  Time since last request: 1.503834 seconds.
  path: Assets/Christmas Game GUI/png/elements/items/Upgrade/Gem.png
  artifactKey: Guid(21f6b595bc1ceef448ebfc96765ce702) Importer(815301076,1909f56bfc062723c751e8b465ee728b)
Start importing Assets/Christmas Game GUI/png/elements/items/Upgrade/Gem.png using Guid(21f6b595bc1ceef448ebfc96765ce702) Importer(815301076,1909f56bfc062723c751e8b465ee728b) [PhysX] Initialized MultithreadedTaskDispatcher with 20 workers.
[PhysX] Initialized MultithreadedTaskDispatcher with 20 workers.
 -> (artifact id: '1171c477ced4b2e32861acf199f4d731') in 0.012587 seconds
Number of updated asset objects reloaded before import = 0
Number of asset objects unloaded after import = 3
========================================================================
Received Import Request.
  Time since last request: 16.930299 seconds.
  path: Assets/Christmas Game GUI/png/elements/others/Tooltips/Tooltips (3).png
  artifactKey: Guid(8205f64eb2447ab408f402b159462fe4) Importer(815301076,1909f56bfc062723c751e8b465ee728b)
Start importing Assets/Christmas Game GUI/png/elements/others/Tooltips/Tooltips (3).png using Guid(8205f64eb2447ab408f402b159462fe4) Importer(815301076,1909f56bfc062723c751e8b465ee728b) [PhysX] Initialized MultithreadedTaskDispatcher with 20 workers.
[PhysX] Initialized MultithreadedTaskDispatcher with 20 workers.
 -> (artifact id: '0df7afdefd6cdafa21ff1aab7e7c7723') in 0.016748 seconds
Number of updated asset objects reloaded before import = 0
Number of asset objects unloaded after import = 3
========================================================================
Received Import Request.
  Time since last request: 1.164843 seconds.
  path: Assets/Christmas Game GUI/png/elements/others/Preloader/Complete.png
  artifactKey: Guid(4cf636cc17844754f96b7d580445b460) Importer(815301076,1909f56bfc062723c751e8b465ee728b)
Start importing Assets/Christmas Game GUI/png/elements/others/Preloader/Complete.png using Guid(4cf636cc17844754f96b7d580445b460) Importer(815301076,1909f56bfc062723c751e8b465ee728b) [PhysX] Initialized MultithreadedTaskDispatcher with 20 workers.
[PhysX] Initialized MultithreadedTaskDispatcher with 20 workers.
 -> (artifact id: '8f7d6d10aa7c64750714fd9abd4a5243') in 0.051406 seconds
Number of updated asset objects reloaded before import = 0
Number of asset objects unloaded after import = 3
========================================================================
Received Import Request.
  Time since last request: 13.198482 seconds.
  path: Assets/Christmas Game GUI/png/elements/toggle/Checkbox/Hover.png
  artifactKey: Guid(f161349bde56ec244a1102c9b0e9b468) Importer(815301076,1909f56bfc062723c751e8b465ee728b)
Start importing Assets/Christmas Game GUI/png/elements/toggle/Checkbox/Hover.png using Guid(f161349bde56ec244a1102c9b0e9b468) Importer(815301076,1909f56bfc062723c751e8b465ee728b) [PhysX] Initialized MultithreadedTaskDispatcher with 20 workers.
[PhysX] Initialized MultithreadedTaskDispatcher with 20 workers.
 -> (artifact id: '2bce82c9db8ba80ed3cc0d7295e540c4') in 0.017892 seconds
Number of updated asset objects reloaded before import = 0
Number of asset objects unloaded after import = 3
========================================================================
Received Import Request.
  Time since last request: 0.928865 seconds.
  path: Assets/Christmas Game GUI/png/elements/toggle/Radio/Hover.png
  artifactKey: Guid(49380c851c5dcff46a7cd8848a6910eb) Importer(815301076,1909f56bfc062723c751e8b465ee728b)
Start importing Assets/Christmas Game GUI/png/elements/toggle/Radio/Hover.png using Guid(49380c851c5dcff46a7cd8848a6910eb) Importer(815301076,1909f56bfc062723c751e8b465ee728b) [PhysX] Initialized MultithreadedTaskDispatcher with 20 workers.
[PhysX] Initialized MultithreadedTaskDispatcher with 20 workers.
 -> (artifact id: 'eb2ba47abcd0f0f43750904467914323') in 0.010123 seconds
Number of updated asset objects reloaded before import = 0
Number of asset objects unloaded after import = 3
========================================================================
Received Import Request.
  Time since last request: 0.807051 seconds.
  path: Assets/Christmas Game GUI/png/elements/toggle/Toggle/hoverOFF.png
  artifactKey: Guid(27dfd5f6914cce541911e842ad725bc7) Importer(815301076,1909f56bfc062723c751e8b465ee728b)
Start importing Assets/Christmas Game GUI/png/elements/toggle/Toggle/hoverOFF.png using Guid(27dfd5f6914cce541911e842ad725bc7) Importer(815301076,1909f56bfc062723c751e8b465ee728b) [PhysX] Initialized MultithreadedTaskDispatcher with 20 workers.
[PhysX] Initialized MultithreadedTaskDispatcher with 20 workers.
 -> (artifact id: '485f07501ae9341802dad675c6d30a9c') in 0.010739 seconds
Number of updated asset objects reloaded before import = 0
Number of asset objects unloaded after import = 3
========================================================================
Received Import Request.
  Time since last request: 0.003271 seconds.
  path: Assets/Christmas Game GUI/png/elements/toggle/Toggle/lockedON.png
  artifactKey: Guid(bab21e75cc33b2342ad620be4eab73f8) Importer(815301076,1909f56bfc062723c751e8b465ee728b)
Start importing Assets/Christmas Game GUI/png/elements/toggle/Toggle/lockedON.png using Guid(bab21e75cc33b2342ad620be4eab73f8) Importer(815301076,1909f56bfc062723c751e8b465ee728b) [PhysX] Initialized MultithreadedTaskDispatcher with 20 workers.
[PhysX] Initialized MultithreadedTaskDispatcher with 20 workers.
 -> (artifact id: '6c64792a36be1af23333b88b19b07489') in 0.012268 seconds
Number of updated asset objects reloaded before import = 0
Number of asset objects unloaded after import = 3
========================================================================
Received Import Request.
  Time since last request: 3.991459 seconds.
  path: Assets/Christmas Game GUI/png/windows/1/Title.png
  artifactKey: Guid(0561c1028c5c44343a9304d37455b05c) Importer(815301076,1909f56bfc062723c751e8b465ee728b)
Start importing Assets/Christmas Game GUI/png/windows/1/Title.png using Guid(0561c1028c5c44343a9304d37455b05c) Importer(815301076,1909f56bfc062723c751e8b465ee728b) [PhysX] Initialized MultithreadedTaskDispatcher with 20 workers.
[PhysX] Initialized MultithreadedTaskDispatcher with 20 workers.
 -> (artifact id: '518ff9df9f04b8ebdc624fe52d98ff02') in 0.023901 seconds
Number of updated asset objects reloaded before import = 0
Number of asset objects unloaded after import = 3
========================================================================
Received Import Request.
  Time since last request: 3.443500 seconds.
  path: Assets/Christmas Game GUI/png/windows/3/ContentArea (2).png
  artifactKey: Guid(a6151cc4e893cbd4bb02a14be97992be) Importer(815301076,1909f56bfc062723c751e8b465ee728b)
Start importing Assets/Christmas Game GUI/png/windows/3/ContentArea (2).png using Guid(a6151cc4e893cbd4bb02a14be97992be) Importer(815301076,1909f56bfc062723c751e8b465ee728b) [PhysX] Initialized MultithreadedTaskDispatcher with 20 workers.
[PhysX] Initialized MultithreadedTaskDispatcher with 20 workers.
 -> (artifact id: '788ea6628441f7aade01fd0841554480') in 0.014247 seconds
Number of updated asset objects reloaded before import = 0
Number of asset objects unloaded after import = 3
========================================================================
Received Import Request.
  Time since last request: 0.000013 seconds.
  path: Assets/Christmas Game GUI/png/windows/3/TextArea.png
  artifactKey: Guid(307b68c57c5b6fc4497ef3aad8c6fa4e) Importer(815301076,1909f56bfc062723c751e8b465ee728b)
Start importing Assets/Christmas Game GUI/png/windows/3/TextArea.png using Guid(307b68c57c5b6fc4497ef3aad8c6fa4e) Importer(815301076,1909f56bfc062723c751e8b465ee728b) [PhysX] Initialized MultithreadedTaskDispatcher with 20 workers.
[PhysX] Initialized MultithreadedTaskDispatcher with 20 workers.
 -> (artifact id: 'f54ed741f550b452683cf6111f7ec6d4') in 0.013961 seconds
Number of updated asset objects reloaded before import = 0
Number of asset objects unloaded after import = 3
========================================================================
Received Import Request.
  Time since last request: 0.693397 seconds.
  path: Assets/Christmas Game GUI/png/windows/2/ContentArea.png
  artifactKey: Guid(3cf946b4a78fe7946a4eee3d7d600781) Importer(815301076,1909f56bfc062723c751e8b465ee728b)
Start importing Assets/Christmas Game GUI/png/windows/2/ContentArea.png using Guid(3cf946b4a78fe7946a4eee3d7d600781) Importer(815301076,1909f56bfc062723c751e8b465ee728b) [PhysX] Initialized MultithreadedTaskDispatcher with 20 workers.
[PhysX] Initialized MultithreadedTaskDispatcher with 20 workers.
 -> (artifact id: '189668143d320ce5fe14572d3a07aae2') in 0.023314 seconds
Number of updated asset objects reloaded before import = 0
Number of asset objects unloaded after import = 3
========================================================================
Received Import Request.
  Time since last request: 13.087936 seconds.
  path: Assets/Christmas Game GUI/png/windows/4/NoIcon.png
  artifactKey: Guid(ae5c50ca73d2ff64f980456d6885d856) Importer(815301076,1909f56bfc062723c751e8b465ee728b)
Start importing Assets/Christmas Game GUI/png/windows/4/NoIcon.png using Guid(ae5c50ca73d2ff64f980456d6885d856) Importer(815301076,1909f56bfc062723c751e8b465ee728b) [PhysX] Initialized MultithreadedTaskDispatcher with 20 workers.
[PhysX] Initialized MultithreadedTaskDispatcher with 20 workers.
 -> (artifact id: '1ef3dc0e658ab46ba4005724e03fd44a') in 0.030648 seconds
Number of updated asset objects reloaded before import = 0
Number of asset objects unloaded after import = 3
========================================================================
Received Import Request.
  Time since last request: 0.000013 seconds.
  path: Assets/Christmas Game GUI/png/windows/4/Window.png
  artifactKey: Guid(0c461a2a3b15c2f4b83cb7e7719ed71c) Importer(815301076,1909f56bfc062723c751e8b465ee728b)
Start importing Assets/Christmas Game GUI/png/windows/4/Window.png using Guid(0c461a2a3b15c2f4b83cb7e7719ed71c) Importer(815301076,1909f56bfc062723c751e8b465ee728b) [PhysX] Initialized MultithreadedTaskDispatcher with 20 workers.
[PhysX] Initialized MultithreadedTaskDispatcher with 20 workers.
 -> (artifact id: '07628cc52dfac136c96cc9714a0ae443') in 0.046975 seconds
Number of updated asset objects reloaded before import = 0
Number of asset objects unloaded after import = 3
========================================================================
Received Import Request.
  Time since last request: 0.490247 seconds.
  path: Assets/Christmas Game GUI/png/windows/5/ContentArea.png
  artifactKey: Guid(7a0fb7ed66d95b146b3ab25804c5f360) Importer(815301076,1909f56bfc062723c751e8b465ee728b)
Start importing Assets/Christmas Game GUI/png/windows/5/ContentArea.png using Guid(7a0fb7ed66d95b146b3ab25804c5f360) Importer(815301076,1909f56bfc062723c751e8b465ee728b) [PhysX] Initialized MultithreadedTaskDispatcher with 20 workers.
[PhysX] Initialized MultithreadedTaskDispatcher with 20 workers.
 -> (artifact id: 'a881ed6e1d19ed9e9a8db17f0596b345') in 0.014612 seconds
Number of updated asset objects reloaded before import = 0
Number of asset objects unloaded after import = 3
========================================================================
Received Import Request.
  Time since last request: 0.005418 seconds.
  path: Assets/Christmas Game GUI/png/windows/5/TitleArea.png
  artifactKey: Guid(c545cd147cd4ced4d8811e31a29fd06a) Importer(815301076,1909f56bfc062723c751e8b465ee728b)
Start importing Assets/Christmas Game GUI/png/windows/5/TitleArea.png using Guid(c545cd147cd4ced4d8811e31a29fd06a) Importer(815301076,1909f56bfc062723c751e8b465ee728b) [PhysX] Initialized MultithreadedTaskDispatcher with 20 workers.
[PhysX] Initialized MultithreadedTaskDispatcher with 20 workers.
 -> (artifact id: '09a9e7d24857ff79c0480d89b9117bbb') in 0.013167 seconds
Number of updated asset objects reloaded before import = 0
Number of asset objects unloaded after import = 3
========================================================================
Received Import Request.
  Time since last request: 0.411701 seconds.
  path: Assets/Christmas Game GUI/png/windows/6/ContentArea.png
  artifactKey: Guid(e3bedbee4870c5e4b9174dd15680dd83) Importer(815301076,1909f56bfc062723c751e8b465ee728b)
Start importing Assets/Christmas Game GUI/png/windows/6/ContentArea.png using Guid(e3bedbee4870c5e4b9174dd15680dd83) Importer(815301076,1909f56bfc062723c751e8b465ee728b) [PhysX] Initialized MultithreadedTaskDispatcher with 20 workers.
[PhysX] Initialized MultithreadedTaskDispatcher with 20 workers.
 -> (artifact id: '7796b0e8efb4bfae9e6c49422bb34e0c') in 0.017108 seconds
Number of updated asset objects reloaded before import = 0
Number of asset objects unloaded after import = 3
========================================================================
Received Import Request.
  Time since last request: 0.004352 seconds.
  path: Assets/Christmas Game GUI/png/windows/6/Title.png
  artifactKey: Guid(ab3345f82a67bef499f8e41f67ef9bdf) Importer(815301076,1909f56bfc062723c751e8b465ee728b)
Start importing Assets/Christmas Game GUI/png/windows/6/Title.png using Guid(ab3345f82a67bef499f8e41f67ef9bdf) Importer(815301076,1909f56bfc062723c751e8b465ee728b) [PhysX] Initialized MultithreadedTaskDispatcher with 20 workers.
[PhysX] Initialized MultithreadedTaskDispatcher with 20 workers.
 -> (artifact id: 'ad4a3e2f7b1334505f2b67e2d70fed17') in 0.012596 seconds
Number of updated asset objects reloaded before import = 0
Number of asset objects unloaded after import = 3
========================================================================
Received Import Request.
  Time since last request: 0.519399 seconds.
  path: Assets/Christmas Game GUI/png/windows/8/ContentArea.png
  artifactKey: Guid(e13cb810b65b00e43953fb892a83433f) Importer(815301076,1909f56bfc062723c751e8b465ee728b)
Start importing Assets/Christmas Game GUI/png/windows/8/ContentArea.png using Guid(e13cb810b65b00e43953fb892a83433f) Importer(815301076,1909f56bfc062723c751e8b465ee728b) [PhysX] Initialized MultithreadedTaskDispatcher with 20 workers.
[PhysX] Initialized MultithreadedTaskDispatcher with 20 workers.
 -> (artifact id: 'e3591ec8c8f9c0a509f0cc00aa5875ff') in 0.013216 seconds
Number of updated asset objects reloaded before import = 0
Number of asset objects unloaded after import = 3
========================================================================
Received Import Request.
  Time since last request: 0.004123 seconds.
  path: Assets/Christmas Game GUI/png/windows/8/TitleArea.png
  artifactKey: Guid(cc310a2d53ebb85449d11ba7a3fbeaaa) Importer(815301076,1909f56bfc062723c751e8b465ee728b)
Start importing Assets/Christmas Game GUI/png/windows/8/TitleArea.png using Guid(cc310a2d53ebb85449d11ba7a3fbeaaa) Importer(815301076,1909f56bfc062723c751e8b465ee728b) [PhysX] Initialized MultithreadedTaskDispatcher with 20 workers.
[PhysX] Initialized MultithreadedTaskDispatcher with 20 workers.
 -> (artifact id: '70a2378edc71820bb181e1f0849af8ba') in 0.009905 seconds
Number of updated asset objects reloaded before import = 0
Number of asset objects unloaded after import = 3
========================================================================
Received Import Request.
  Time since last request: 0.411323 seconds.
  path: Assets/Christmas Game GUI/png/windows/10/Decor (2).png
  artifactKey: Guid(dbcaf71b2a66a3745b6dc2a81a332ad9) Importer(815301076,1909f56bfc062723c751e8b465ee728b)
Start importing Assets/Christmas Game GUI/png/windows/10/Decor (2).png using Guid(dbcaf71b2a66a3745b6dc2a81a332ad9) Importer(815301076,1909f56bfc062723c751e8b465ee728b) [PhysX] Initialized MultithreadedTaskDispatcher with 20 workers.
[PhysX] Initialized MultithreadedTaskDispatcher with 20 workers.
 -> (artifact id: 'f0abc9be014448c9ce52544ac82e6572') in 0.010742 seconds
Number of updated asset objects reloaded before import = 0
Number of asset objects unloaded after import = 3
========================================================================
Received Import Request.
  Time since last request: 3.364589 seconds.
  path: Assets/Christmas Game GUI/png/windows/9/ContentArea.png
  artifactKey: Guid(85764a717501b4240aa1b537b285b2ad) Importer(815301076,1909f56bfc062723c751e8b465ee728b)
Start importing Assets/Christmas Game GUI/png/windows/9/ContentArea.png using Guid(85764a717501b4240aa1b537b285b2ad) Importer(815301076,1909f56bfc062723c751e8b465ee728b) [PhysX] Initialized MultithreadedTaskDispatcher with 20 workers.
[PhysX] Initialized MultithreadedTaskDispatcher with 20 workers.
 -> (artifact id: 'd292a8866dd13202599e949c1cb272a5') in 0.018419 seconds
Number of updated asset objects reloaded before import = 0
Number of asset objects unloaded after import = 3
========================================================================
Received Import Request.
  Time since last request: 11.882419 seconds.
  path: Assets/Christmas Game GUI/png/windows/7/ContentArea.png
  artifactKey: Guid(abc4e6d3c22b98d49a7b8f2fee456712) Importer(815301076,1909f56bfc062723c751e8b465ee728b)
Start importing Assets/Christmas Game GUI/png/windows/7/ContentArea.png using Guid(abc4e6d3c22b98d49a7b8f2fee456712) Importer(815301076,1909f56bfc062723c751e8b465ee728b) [PhysX] Initialized MultithreadedTaskDispatcher with 20 workers.
[PhysX] Initialized MultithreadedTaskDispatcher with 20 workers.
 -> (artifact id: '730f650fd5b78fbd4ff0e16cbd866d9a') in 0.083646 seconds
Number of updated asset objects reloaded before import = 0
Number of asset objects unloaded after import = 3
Editor requested this worker to shutdown with reason: Scaling down because of idle timeout
TcpMessagingSession - receive error: operation aborted. errorcode: 995, details: 스레드 종료 또는 응용 프로그램 요청 때문에 I/O 작업이 취소되었습니다.
AssetImportWorker is now disconnected from the server
Process exiting
Exiting without the bug reporter. Application will terminate with return code 0