Using pre-set license
Built from '2022.3/staging' branch; Version is '2022.3.60f1 (5f63fdee6d95) revision 6251517'; Using compiler version '192829333'; Build Type 'Release'
OS: 'Windows 11  (10.0.26100) 64bit Professional' Language: 'ko' Physical Memory: 32610 MB
BatchMode: 1, IsHumanControllingUs: 0, StartBugReporterOnCrash: 0, Is64bit: 1, IsPro: 1

COMMAND LINE ARGUMENTS:
C:\Program Files\Unity\Hub\Editor\2022.3.60f1\Editor\Unity.exe
-adb2
-batchMode
-noUpm
-name
AssetImportWorker8
-projectPath
C:/Users/hlj10/DevNull_1_OhMyChristmas
-logFile
Logs/AssetImportWorker8.log
-srvPort
51750
Successfully changed project path to: C:/Users/hlj10/DevNull_1_OhMyChristmas
C:/Users/hlj10/DevNull_1_OhMyChristmas
[UnityMemory] Configuration Parameters - Can be set up in boot.config
    "memorysetup-bucket-allocator-granularity=16"
    "memorysetup-bucket-allocator-bucket-count=8"
    "memorysetup-bucket-allocator-block-size=33554432"
    "memorysetup-bucket-allocator-block-count=8"
    "memorysetup-main-allocator-block-size=16777216"
    "memorysetup-thread-allocator-block-size=16777216"
    "memorysetup-gfx-main-allocator-block-size=16777216"
    "memorysetup-gfx-thread-allocator-block-size=16777216"
    "memorysetup-cache-allocator-block-size=4194304"
    "memorysetup-typetree-allocator-block-size=2097152"
    "memorysetup-profiler-bucket-allocator-granularity=16"
    "memorysetup-profiler-bucket-allocator-bucket-count=8"
    "memorysetup-profiler-bucket-allocator-block-size=33554432"
    "memorysetup-profiler-bucket-allocator-block-count=8"
    "memorysetup-profiler-allocator-block-size=16777216"
    "memorysetup-profiler-editor-allocator-block-size=1048576"
    "memorysetup-temp-allocator-size-main=16777216"
    "memorysetup-job-temp-allocator-block-size=2097152"
    "memorysetup-job-temp-allocator-block-size-background=1048576"
    "memorysetup-job-temp-allocator-reduction-small-platforms=262144"
    "memorysetup-allocator-temp-initial-block-size-main=262144"
    "memorysetup-allocator-temp-initial-block-size-worker=262144"
    "memorysetup-temp-allocator-size-background-worker=32768"
    "memorysetup-temp-allocator-size-job-worker=262144"
    "memorysetup-temp-allocator-size-preload-manager=33554432"
    "memorysetup-temp-allocator-size-nav-mesh-worker=65536"
    "memorysetup-temp-allocator-size-audio-worker=65536"
    "memorysetup-temp-allocator-size-cloud-worker=32768"
    "memorysetup-temp-allocator-size-gi-baking-worker=262144"
    "memorysetup-temp-allocator-size-gfx=262144"
Player connection [32944]  Target information:

Player connection [32944]  * "[IP] 172.30.73.92 [Port] 0 [Flags] 2 [Guid] 3192010622 [EditorId] 3192010622 [Version] 1048832 [Id] WindowsEditor(7,DESKTOP-R06SEU4) [Debug] 1 [PackageName] WindowsEditor [ProjectName] Editor" 

Player connection [32944] Host joined multi-casting on [225.0.0.222:54997]...
Player connection [32944] Host joined alternative multi-casting on [225.0.0.222:34997]...
Input System module state changed to: Initialized.
[PhysX] Initialized MultithreadedTaskDispatcher with 20 workers.
Refreshing native plugins compatible for Editor in 7.73 ms, found 3 plugins.
Preloading 0 native plugins for Editor in 0.00 ms.
Initialize engine version: 2022.3.60f1 (5f63fdee6d95)
[Subsystems] Discovering subsystems at path C:/Program Files/Unity/Hub/Editor/2022.3.60f1/Editor/Data/Resources/UnitySubsystems
[Subsystems] Discovering subsystems at path C:/Users/hlj10/DevNull_1_OhMyChristmas/Assets
GfxDevice: creating device client; threaded=0; jobified=0
Direct3D:
    Version:  Direct3D 11.0 [level 11.1]
    Renderer: NVIDIA GeForce RTX 4060 Ti (ID=0x2803)
    Vendor:   NVIDIA
    VRAM:     16109 MB
    Driver:   32.0.15.8088
Initialize mono
Mono path[0] = 'C:/Program Files/Unity/Hub/Editor/2022.3.60f1/Editor/Data/Managed'
Mono path[1] = 'C:/Program Files/Unity/Hub/Editor/2022.3.60f1/Editor/Data/MonoBleedingEdge/lib/mono/unityjit-win32'
Mono config path = 'C:/Program Files/Unity/Hub/Editor/2022.3.60f1/Editor/Data/MonoBleedingEdge/etc'
Using monoOptions --debugger-agent=transport=dt_socket,embedding=1,server=y,suspend=n,address=127.0.0.1:56184
Begin MonoManager ReloadAssembly
Registering precompiled unity dll's ...
Register platform support module: C:/Program Files/Unity/Hub/Editor/2022.3.60f1/Editor/Data/PlaybackEngines/WindowsStandaloneSupport/UnityEditor.WindowsStandalone.Extensions.dll
Register platform support module: C:/Program Files/Unity/Hub/Editor/2022.3.60f1/Editor/Data/PlaybackEngines/MetroSupport/UnityEditor.UWP.Extensions.dll
Registered in 0.004094 seconds.
- Loaded All Assemblies, in  0.201 seconds
Native extension for UWP target not found
Native extension for WindowsStandalone target not found
Mono: successfully reloaded assembly
- Finished resetting the current domain, in  0.153 seconds
Domain Reload Profiling: 354ms
	BeginReloadAssembly (65ms)
		ExecutionOrderSort (0ms)
		DisableScriptedObjects (0ms)
		BackupInstance (0ms)
		ReleaseScriptingObjects (0ms)
		CreateAndSetChildDomain (0ms)
	RebuildCommonClasses (19ms)
	RebuildNativeTypeToScriptingClass (6ms)
	initialDomainReloadingComplete (32ms)
	LoadAllAssembliesAndSetupDomain (79ms)
		LoadAssemblies (64ms)
		RebuildTransferFunctionScriptingTraits (0ms)
		AnalyzeDomain (78ms)
			TypeCache.Refresh (77ms)
				TypeCache.ScanAssembly (69ms)
			ScanForSourceGeneratedMonoScriptInfo (0ms)
			ResolveRequiredComponents (0ms)
	FinalizeReload (154ms)
		ReleaseScriptCaches (0ms)
		RebuildScriptCaches (0ms)
		SetupLoadedEditorAssemblies (128ms)
			LogAssemblyErrors (0ms)
			InitializePlatformSupportModulesInManaged (6ms)
			SetLoadedEditorAssemblies (3ms)
			RefreshPlugins (0ms)
			BeforeProcessingInitializeOnLoad (1ms)
			ProcessInitializeOnLoadAttributes (87ms)
			ProcessInitializeOnLoadMethodAttributes (31ms)
			AfterProcessingInitializeOnLoad (0ms)
			EditorAssembliesLoaded (0ms)
		ExecutionOrderSort2 (0ms)
		AwakeInstancesAfterBackupRestoration (0ms)
========================================================================
Worker process is ready to serve import requests
Caller must complete domain reload
Begin MonoManager ReloadAssembly
- Loaded All Assemblies, in  0.441 seconds
Native extension for UWP target not found
Native extension for WindowsStandalone target not found
Mono: successfully reloaded assembly
- Finished resetting the current domain, in  0.399 seconds
Domain Reload Profiling: 838ms
	BeginReloadAssembly (87ms)
		ExecutionOrderSort (0ms)
		DisableScriptedObjects (3ms)
		BackupInstance (0ms)
		ReleaseScriptingObjects (0ms)
		CreateAndSetChildDomain (12ms)
	RebuildCommonClasses (20ms)
	RebuildNativeTypeToScriptingClass (6ms)
	initialDomainReloadingComplete (26ms)
	LoadAllAssembliesAndSetupDomain (299ms)
		LoadAssemblies (222ms)
		RebuildTransferFunctionScriptingTraits (0ms)
		AnalyzeDomain (130ms)
			TypeCache.Refresh (112ms)
				TypeCache.ScanAssembly (102ms)
			ScanForSourceGeneratedMonoScriptInfo (11ms)
			ResolveRequiredComponents (5ms)
	FinalizeReload (399ms)
		ReleaseScriptCaches (0ms)
		RebuildScriptCaches (0ms)
		SetupLoadedEditorAssemblies (307ms)
			LogAssemblyErrors (0ms)
			InitializePlatformSupportModulesInManaged (5ms)
			SetLoadedEditorAssemblies (3ms)
			RefreshPlugins (0ms)
			BeforeProcessingInitializeOnLoad (40ms)
			ProcessInitializeOnLoadAttributes (242ms)
			ProcessInitializeOnLoadMethodAttributes (13ms)
			AfterProcessingInitializeOnLoad (4ms)
			EditorAssembliesLoaded (0ms)
		ExecutionOrderSort2 (0ms)
		AwakeInstancesAfterBackupRestoration (8ms)
Launched and connected shader compiler UnityShaderCompiler.exe after 0.03 seconds
Refreshing native plugins compatible for Editor in 3.38 ms, found 3 plugins.
Preloading 0 native plugins for Editor in 0.00 ms.
Unloading 4048 Unused Serialized files (Serialized files now loaded: 0)
Unloading 30 unused Assets / (58.0 KB). Loaded Objects now: 4539.
Memory consumption went from 160.5 MB to 160.4 MB.
Total: 1.988200 ms (FindLiveObjects: 0.153800 ms CreateObjectMapping: 0.048300 ms MarkObjects: 1.721800 ms  DeleteObjects: 0.063800 ms)

AssetImportParameters requested are different than current active one (requested -> active):
  custom:container-demuxer-ogg: 62fdf1f143b41e24485cea50d1cbac27 -> 
  custom:video-codec-MediaFoundation-h265: 746d11721c4dcdbdad8f713fa42b33f4 -> 
  custom:video-decoder-ogg-theora: a1e56fd34408186e4bbccfd4996cb3dc -> 
  custom:framework-win-MediaFoundation: 216162199b28c13a410421893ffa2e32 -> 
  custom:CustomObjectIndexerAttribute: 9a22284fe3817be447336de3de66b15e -> 
  custom:container-demuxer-webm: 4f35f7cbe854078d1ac9338744f61a02 -> 
  custom:container-muxer-webm: aa71ff27fc2769a1b78a27578f13a17b -> 
  custom:video-decoder-webm-vp8: 9c59270c3fd7afecdb556c50c9e8de78 -> 
  custom:SearchIndexIgnoredProperties: e643bd26f0fe6173181afceb89e7c659 -> 
  custom:AudioImporter_EditorPlatform: d09bf68614088b80899f8185d706f6e7 -> 
  custom:video-encoder-webm-vp8: eb34c28f22e8b96e1ab97ce403110664 -> 
  custom:audio-decoder-ogg-vorbis: bf7c407c2cedff20999df2af8eb42d56 -> 
  custom:audio-encoder-webm-vorbis: bf7c407c2cedff20999df2af8eb42d56 -> 
========================================================================
Received Import Request.
  Time since last request: 9631.959208 seconds.
  path: Assets/Christmas Game GUI/png/elements/icons/Star/2Stars.png
  artifactKey: Guid(651145298f3f6d04091e291733b60682) Importer(815301076,1909f56bfc062723c751e8b465ee728b)
Start importing Assets/Christmas Game GUI/png/elements/icons/Star/2Stars.png using Guid(651145298f3f6d04091e291733b60682) Importer(815301076,1909f56bfc062723c751e8b465ee728b) [PhysX] Initialized MultithreadedTaskDispatcher with 20 workers.
[PhysX] Initialized MultithreadedTaskDispatcher with 20 workers.
 -> (artifact id: 'b4c7f4dc4a29e156df341283a3a8920e') in 0.071679 seconds
Number of updated asset objects reloaded before import = 0
Number of asset objects unloaded after import = 3
========================================================================
Received Import Request.
  Time since last request: 1.907633 seconds.
  path: Assets/Christmas Game GUI/png/elements/icons/Decorations/Decoration (2).png
  artifactKey: Guid(a9438db2861f83f4b93f86facef14ac2) Importer(815301076,1909f56bfc062723c751e8b465ee728b)
Start importing Assets/Christmas Game GUI/png/elements/icons/Decorations/Decoration (2).png using Guid(a9438db2861f83f4b93f86facef14ac2) Importer(815301076,1909f56bfc062723c751e8b465ee728b) [PhysX] Initialized MultithreadedTaskDispatcher with 20 workers.
[PhysX] Initialized MultithreadedTaskDispatcher with 20 workers.
 -> (artifact id: '478ae00e60bf9dd469a90035cd71dda4') in 0.009721 seconds
Number of updated asset objects reloaded before import = 0
Number of asset objects unloaded after import = 3
========================================================================
Received Import Request.
  Time since last request: 0.004123 seconds.
  path: Assets/Christmas Game GUI/png/elements/icons/Decorations/Decoration (5).png
  artifactKey: Guid(99b66693c867dfc4f985fd3af3f03227) Importer(815301076,1909f56bfc062723c751e8b465ee728b)
Start importing Assets/Christmas Game GUI/png/elements/icons/Decorations/Decoration (5).png using Guid(99b66693c867dfc4f985fd3af3f03227) Importer(815301076,1909f56bfc062723c751e8b465ee728b) [PhysX] Initialized MultithreadedTaskDispatcher with 20 workers.
[PhysX] Initialized MultithreadedTaskDispatcher with 20 workers.
 -> (artifact id: '62794e3a25643123eb360c2686f28faf') in 0.016465 seconds
Number of updated asset objects reloaded before import = 0
Number of asset objects unloaded after import = 3
========================================================================
Received Import Request.
  Time since last request: 0.001920 seconds.
  path: Assets/Christmas Game GUI/png/elements/icons/Decorations/Decoration (9).png
  artifactKey: Guid(c80a43a47eeb2084780802b1ea1b3f60) Importer(815301076,1909f56bfc062723c751e8b465ee728b)
Start importing Assets/Christmas Game GUI/png/elements/icons/Decorations/Decoration (9).png using Guid(c80a43a47eeb2084780802b1ea1b3f60) Importer(815301076,1909f56bfc062723c751e8b465ee728b) [PhysX] Initialized MultithreadedTaskDispatcher with 20 workers.
[PhysX] Initialized MultithreadedTaskDispatcher with 20 workers.
 -> (artifact id: '380aae5c1557889cd5f7939c7fa86f91') in 0.010382 seconds
Number of updated asset objects reloaded before import = 0
Number of asset objects unloaded after import = 3
========================================================================
Received Import Request.
  Time since last request: 11.384820 seconds.
  path: Assets/Christmas Game GUI/png/elements/indicators/Button/ButtonIndicator (2).png
  artifactKey: Guid(16e49c2cec0ca534d948497281164ad7) Importer(815301076,1909f56bfc062723c751e8b465ee728b)
Start importing Assets/Christmas Game GUI/png/elements/indicators/Button/ButtonIndicator (2).png using Guid(16e49c2cec0ca534d948497281164ad7) Importer(815301076,1909f56bfc062723c751e8b465ee728b) [PhysX] Initialized MultithreadedTaskDispatcher with 20 workers.
[PhysX] Initialized MultithreadedTaskDispatcher with 20 workers.
 -> (artifact id: '27d418b582751eedafb10ce9c2c99ede') in 0.026318 seconds
Number of updated asset objects reloaded before import = 0
Number of asset objects unloaded after import = 3
========================================================================
Received Import Request.
  Time since last request: 2.047773 seconds.
  path: Assets/Christmas Game GUI/png/elements/items/Achievement/Complete.png
  artifactKey: Guid(4b470529e882a6649b5098553ddb67fb) Importer(815301076,1909f56bfc062723c751e8b465ee728b)
Start importing Assets/Christmas Game GUI/png/elements/items/Achievement/Complete.png using Guid(4b470529e882a6649b5098553ddb67fb) Importer(815301076,1909f56bfc062723c751e8b465ee728b) [PhysX] Initialized MultithreadedTaskDispatcher with 20 workers.
[PhysX] Initialized MultithreadedTaskDispatcher with 20 workers.
 -> (artifact id: 'b7125784aa78120e81566f38bba6e773') in 0.039843 seconds
Number of updated asset objects reloaded before import = 0
Number of asset objects unloaded after import = 3
========================================================================
Received Import Request.
  Time since last request: 3.284364 seconds.
  path: Assets/Christmas Game GUI/png/elements/items/Score/Badge (2).png
  artifactKey: Guid(1f3065698d2a33740a01b819b86e7881) Importer(815301076,1909f56bfc062723c751e8b465ee728b)
Start importing Assets/Christmas Game GUI/png/elements/items/Score/Badge (2).png using Guid(1f3065698d2a33740a01b819b86e7881) Importer(815301076,1909f56bfc062723c751e8b465ee728b) [PhysX] Initialized MultithreadedTaskDispatcher with 20 workers.
[PhysX] Initialized MultithreadedTaskDispatcher with 20 workers.
 -> (artifact id: '8869a7735685bfdd0411533707de5191') in 0.011227 seconds
Number of updated asset objects reloaded before import = 0
Number of asset objects unloaded after import = 3
========================================================================
Received Import Request.
  Time since last request: 0.830307 seconds.
  path: Assets/Christmas Game GUI/png/elements/items/Shop/ShopItem (2).png
  artifactKey: Guid(9977860dee5945745890208a8a9ca6e3) Importer(815301076,1909f56bfc062723c751e8b465ee728b)
Start importing Assets/Christmas Game GUI/png/elements/items/Shop/ShopItem (2).png using Guid(9977860dee5945745890208a8a9ca6e3) Importer(815301076,1909f56bfc062723c751e8b465ee728b) [PhysX] Initialized MultithreadedTaskDispatcher with 20 workers.
[PhysX] Initialized MultithreadedTaskDispatcher with 20 workers.
 -> (artifact id: '2e307fec9123451920f2e5c0ca9859d9') in 0.025807 seconds
Number of updated asset objects reloaded before import = 0
Number of asset objects unloaded after import = 3
========================================================================
Received Import Request.
  Time since last request: 0.649975 seconds.
  path: Assets/Christmas Game GUI/png/elements/items/Upgrade/Coin.png
  artifactKey: Guid(7f2f88730e9675945bfeee8c97c07270) Importer(815301076,1909f56bfc062723c751e8b465ee728b)
Start importing Assets/Christmas Game GUI/png/elements/items/Upgrade/Coin.png using Guid(7f2f88730e9675945bfeee8c97c07270) Importer(815301076,1909f56bfc062723c751e8b465ee728b) [PhysX] Initialized MultithreadedTaskDispatcher with 20 workers.
[PhysX] Initialized MultithreadedTaskDispatcher with 20 workers.
 -> (artifact id: '93535cecefdf57e6cc95584389727cb2') in 0.011706 seconds
Number of updated asset objects reloaded before import = 0
Number of asset objects unloaded after import = 3
========================================================================
Received Import Request.
  Time since last request: 0.003043 seconds.
  path: Assets/Christmas Game GUI/png/elements/items/Upgrade/LockedBlank.png
  artifactKey: Guid(a43354fee62a6a043856541d055bd622) Importer(815301076,1909f56bfc062723c751e8b465ee728b)
Start importing Assets/Christmas Game GUI/png/elements/items/Upgrade/LockedBlank.png using Guid(a43354fee62a6a043856541d055bd622) Importer(815301076,1909f56bfc062723c751e8b465ee728b) [PhysX] Initialized MultithreadedTaskDispatcher with 20 workers.
[PhysX] Initialized MultithreadedTaskDispatcher with 20 workers.
 -> (artifact id: '0ec208e57bace52c562cfd40cef683e5') in 0.011044 seconds
Number of updated asset objects reloaded before import = 0
Number of asset objects unloaded after import = 3
========================================================================
Received Import Request.
  Time since last request: 16.916790 seconds.
  path: Assets/Christmas Game GUI/png/elements/others/Tooltips/Tooltips (2).png
  artifactKey: Guid(3825d1f1c4497ad45b0b3932a33f6901) Importer(815301076,1909f56bfc062723c751e8b465ee728b)
Start importing Assets/Christmas Game GUI/png/elements/others/Tooltips/Tooltips (2).png using Guid(3825d1f1c4497ad45b0b3932a33f6901) Importer(815301076,1909f56bfc062723c751e8b465ee728b) [PhysX] Initialized MultithreadedTaskDispatcher with 20 workers.
[PhysX] Initialized MultithreadedTaskDispatcher with 20 workers.
 -> (artifact id: 'eda2f8ccfc2ae5badd9ca8c874051835') in 0.011298 seconds
Number of updated asset objects reloaded before import = 0
Number of asset objects unloaded after import = 3
========================================================================
Received Import Request.
  Time since last request: 1.169722 seconds.
  path: Assets/Christmas Game GUI/png/elements/others/Preloader/Clean.png
  artifactKey: Guid(f2b36082a57e7eb4f8a582bb76995496) Importer(815301076,1909f56bfc062723c751e8b465ee728b)
Start importing Assets/Christmas Game GUI/png/elements/others/Preloader/Clean.png using Guid(f2b36082a57e7eb4f8a582bb76995496) Importer(815301076,1909f56bfc062723c751e8b465ee728b) [PhysX] Initialized MultithreadedTaskDispatcher with 20 workers.
[PhysX] Initialized MultithreadedTaskDispatcher with 20 workers.
 -> (artifact id: 'd216cac43a0a7c0b2cd3866ced51c482') in 0.015691 seconds
Number of updated asset objects reloaded before import = 0
Number of asset objects unloaded after import = 3
========================================================================
Received Import Request.
  Time since last request: 13.235028 seconds.
  path: Assets/Christmas Game GUI/png/elements/toggle/Checkbox/Click.png
  artifactKey: Guid(10dc21561b0900b4aa7bd74156719dc2) Importer(815301076,1909f56bfc062723c751e8b465ee728b)
Start importing Assets/Christmas Game GUI/png/elements/toggle/Checkbox/Click.png using Guid(10dc21561b0900b4aa7bd74156719dc2) Importer(815301076,1909f56bfc062723c751e8b465ee728b) [PhysX] Initialized MultithreadedTaskDispatcher with 20 workers.
[PhysX] Initialized MultithreadedTaskDispatcher with 20 workers.
 -> (artifact id: 'e54bd59e216cc312a89c628ed350eaf6') in 0.014211 seconds
Number of updated asset objects reloaded before import = 0
Number of asset objects unloaded after import = 3
========================================================================
Received Import Request.
  Time since last request: 0.932936 seconds.
  path: Assets/Christmas Game GUI/png/elements/toggle/Radio/Click.png
  artifactKey: Guid(12ff22407ab57144b83dd6815d6f38a5) Importer(815301076,1909f56bfc062723c751e8b465ee728b)
Start importing Assets/Christmas Game GUI/png/elements/toggle/Radio/Click.png using Guid(12ff22407ab57144b83dd6815d6f38a5) Importer(815301076,1909f56bfc062723c751e8b465ee728b) [PhysX] Initialized MultithreadedTaskDispatcher with 20 workers.
[PhysX] Initialized MultithreadedTaskDispatcher with 20 workers.
 -> (artifact id: 'fd305d4c14dd369bf0a5b3ecc3c0b6a5') in 0.013547 seconds
Number of updated asset objects reloaded before import = 0
Number of asset objects unloaded after import = 3
========================================================================
Received Import Request.
  Time since last request: 0.803307 seconds.
  path: Assets/Christmas Game GUI/png/elements/toggle/Toggle/clickON.png
  artifactKey: Guid(038b67022a27fdb4fbb1e5d99f349328) Importer(815301076,1909f56bfc062723c751e8b465ee728b)
Start importing Assets/Christmas Game GUI/png/elements/toggle/Toggle/clickON.png using Guid(038b67022a27fdb4fbb1e5d99f349328) Importer(815301076,1909f56bfc062723c751e8b465ee728b) [PhysX] Initialized MultithreadedTaskDispatcher with 20 workers.
[PhysX] Initialized MultithreadedTaskDispatcher with 20 workers.
 -> (artifact id: '907fa7bd9b9e869e78b61a051c255c3e') in 0.011740 seconds
Number of updated asset objects reloaded before import = 0
Number of asset objects unloaded after import = 3
========================================================================
Received Import Request.
  Time since last request: 0.002278 seconds.
  path: Assets/Christmas Game GUI/png/elements/toggle/Toggle/lockedOFF.png
  artifactKey: Guid(6574e44694373b84a98a47f042a93521) Importer(815301076,1909f56bfc062723c751e8b465ee728b)
Start importing Assets/Christmas Game GUI/png/elements/toggle/Toggle/lockedOFF.png using Guid(6574e44694373b84a98a47f042a93521) Importer(815301076,1909f56bfc062723c751e8b465ee728b) [PhysX] Initialized MultithreadedTaskDispatcher with 20 workers.
[PhysX] Initialized MultithreadedTaskDispatcher with 20 workers.
 -> (artifact id: 'c2d7aab9f7483ea3ba7b06377474cf69') in 0.010038 seconds
Number of updated asset objects reloaded before import = 0
Number of asset objects unloaded after import = 3
========================================================================
Received Import Request.
  Time since last request: 0.003430 seconds.
  path: Assets/Christmas Game GUI/png/elements/toggle/Toggle/normalON.png
  artifactKey: Guid(f034c1e7ea897494891c63641744d028) Importer(815301076,1909f56bfc062723c751e8b465ee728b)
Start importing Assets/Christmas Game GUI/png/elements/toggle/Toggle/normalON.png using Guid(f034c1e7ea897494891c63641744d028) Importer(815301076,1909f56bfc062723c751e8b465ee728b) [PhysX] Initialized MultithreadedTaskDispatcher with 20 workers.
[PhysX] Initialized MultithreadedTaskDispatcher with 20 workers.
 -> (artifact id: '57bd74e599aa8706c7f901b31cff23a2') in 0.010775 seconds
Number of updated asset objects reloaded before import = 0
Number of asset objects unloaded after import = 3
========================================================================
Received Import Request.
  Time since last request: 3.977640 seconds.
  path: Assets/Christmas Game GUI/png/windows/1/Decor.png
  artifactKey: Guid(5edd11d12ff000d4fa3598fba2f311a8) Importer(815301076,1909f56bfc062723c751e8b465ee728b)
Start importing Assets/Christmas Game GUI/png/windows/1/Decor.png using Guid(5edd11d12ff000d4fa3598fba2f311a8) Importer(815301076,1909f56bfc062723c751e8b465ee728b) [PhysX] Initialized MultithreadedTaskDispatcher with 20 workers.
[PhysX] Initialized MultithreadedTaskDispatcher with 20 workers.
 -> (artifact id: '496ae04620b74d71579d3b04ceea4b71') in 0.018492 seconds
Number of updated asset objects reloaded before import = 0
Number of asset objects unloaded after import = 3
========================================================================
Received Import Request.
  Time since last request: 0.000011 seconds.
  path: Assets/Christmas Game GUI/png/windows/1/Window.png
  artifactKey: Guid(f12373f73d274234498564ccf7984e68) Importer(815301076,1909f56bfc062723c751e8b465ee728b)
Start importing Assets/Christmas Game GUI/png/windows/1/Window.png using Guid(f12373f73d274234498564ccf7984e68) Importer(815301076,1909f56bfc062723c751e8b465ee728b) [PhysX] Initialized MultithreadedTaskDispatcher with 20 workers.
[PhysX] Initialized MultithreadedTaskDispatcher with 20 workers.
 -> (artifact id: '188940a7e701e97f9c8edd2f930fbdb9') in 0.060510 seconds
Number of updated asset objects reloaded before import = 0
Number of asset objects unloaded after import = 3
========================================================================
Received Import Request.
  Time since last request: 3.389613 seconds.
  path: Assets/Christmas Game GUI/png/windows/3/ContentArea (1).png
  artifactKey: Guid(5223e7d3eb188c04599cd66718ad0f42) Importer(815301076,1909f56bfc062723c751e8b465ee728b)
Start importing Assets/Christmas Game GUI/png/windows/3/ContentArea (1).png using Guid(5223e7d3eb188c04599cd66718ad0f42) Importer(815301076,1909f56bfc062723c751e8b465ee728b) [PhysX] Initialized MultithreadedTaskDispatcher with 20 workers.
[PhysX] Initialized MultithreadedTaskDispatcher with 20 workers.
 -> (artifact id: '9b1e9b03c10bf2317d3d5dcb04055350') in 0.019909 seconds
Number of updated asset objects reloaded before import = 0
Number of asset objects unloaded after import = 3
========================================================================
Received Import Request.
  Time since last request: 0.000012 seconds.
  path: Assets/Christmas Game GUI/png/windows/3/Title (1).png
  artifactKey: Guid(098230cf4b2233f4ead2b24e3e4d9ab1) Importer(815301076,1909f56bfc062723c751e8b465ee728b)
Start importing Assets/Christmas Game GUI/png/windows/3/Title (1).png using Guid(098230cf4b2233f4ead2b24e3e4d9ab1) Importer(815301076,1909f56bfc062723c751e8b465ee728b) [PhysX] Initialized MultithreadedTaskDispatcher with 20 workers.
[PhysX] Initialized MultithreadedTaskDispatcher with 20 workers.
 -> (artifact id: '1b6eb9a99bc121be1dadcd40d8305cae') in 0.011579 seconds
Number of updated asset objects reloaded before import = 0
Number of asset objects unloaded after import = 3
========================================================================
Received Import Request.
  Time since last request: 0.002224 seconds.
  path: Assets/Christmas Game GUI/png/windows/3/Window.png
  artifactKey: Guid(5d942e0f90b403e4fab7f6c03566d43b) Importer(815301076,1909f56bfc062723c751e8b465ee728b)
Start importing Assets/Christmas Game GUI/png/windows/3/Window.png using Guid(5d942e0f90b403e4fab7f6c03566d43b) Importer(815301076,1909f56bfc062723c751e8b465ee728b) [PhysX] Initialized MultithreadedTaskDispatcher with 20 workers.
[PhysX] Initialized MultithreadedTaskDispatcher with 20 workers.
 -> (artifact id: '4d05fc049bba02da7e1cce04fde5311d') in 0.031193 seconds
Number of updated asset objects reloaded before import = 0
Number of asset objects unloaded after import = 3
========================================================================
Received Import Request.
  Time since last request: 0.656184 seconds.
  path: Assets/Christmas Game GUI/png/windows/2/Complete.png
  artifactKey: Guid(3c7d36437118c5e4f9aaa5e88a422715) Importer(815301076,1909f56bfc062723c751e8b465ee728b)
Start importing Assets/Christmas Game GUI/png/windows/2/Complete.png using Guid(3c7d36437118c5e4f9aaa5e88a422715) Importer(815301076,1909f56bfc062723c751e8b465ee728b) [PhysX] Initialized MultithreadedTaskDispatcher with 20 workers.
[PhysX] Initialized MultithreadedTaskDispatcher with 20 workers.
 -> (artifact id: '18831d2b9c30236f865cf4319a7d7ee8') in 0.027882 seconds
Number of updated asset objects reloaded before import = 0
Number of asset objects unloaded after import = 3
========================================================================
Received Import Request.
  Time since last request: 0.000028 seconds.
  path: Assets/Christmas Game GUI/png/windows/2/TitleArea.png
  artifactKey: Guid(2abba387bee618d4d99d80f0d82c2f57) Importer(815301076,1909f56bfc062723c751e8b465ee728b)
Start importing Assets/Christmas Game GUI/png/windows/2/TitleArea.png using Guid(2abba387bee618d4d99d80f0d82c2f57) Importer(815301076,1909f56bfc062723c751e8b465ee728b) [PhysX] Initialized MultithreadedTaskDispatcher with 20 workers.
[PhysX] Initialized MultithreadedTaskDispatcher with 20 workers.
 -> (artifact id: '57d3a3f4b225f5f760279b9fdf7dd62a') in 0.047155 seconds
Number of updated asset objects reloaded before import = 0
Number of asset objects unloaded after import = 3
========================================================================
Received Import Request.
  Time since last request: 13.033211 seconds.
  path: Assets/Christmas Game GUI/png/windows/4/Decor.png
  artifactKey: Guid(bd1d82697dfa5ab47830ce35b06dab8b) Importer(815301076,1909f56bfc062723c751e8b465ee728b)
Start importing Assets/Christmas Game GUI/png/windows/4/Decor.png using Guid(bd1d82697dfa5ab47830ce35b06dab8b) Importer(815301076,1909f56bfc062723c751e8b465ee728b) [PhysX] Initialized MultithreadedTaskDispatcher with 20 workers.
[PhysX] Initialized MultithreadedTaskDispatcher with 20 workers.
 -> (artifact id: 'cdaa767bbdae28a4d889119cd7f0a095') in 0.021318 seconds
Number of updated asset objects reloaded before import = 0
Number of asset objects unloaded after import = 3
========================================================================
Received Import Request.
  Time since last request: 0.000013 seconds.
  path: Assets/Christmas Game GUI/png/windows/4/Title (1).png
  artifactKey: Guid(fc38f84a7d258644c8b91b2f8841b282) Importer(815301076,1909f56bfc062723c751e8b465ee728b)
Start importing Assets/Christmas Game GUI/png/windows/4/Title (1).png using Guid(fc38f84a7d258644c8b91b2f8841b282) Importer(815301076,1909f56bfc062723c751e8b465ee728b) [PhysX] Initialized MultithreadedTaskDispatcher with 20 workers.
[PhysX] Initialized MultithreadedTaskDispatcher with 20 workers.
 -> (artifact id: 'fd7d0c8e4c3503c70520a235249a4b82') in 0.012241 seconds
Number of updated asset objects reloaded before import = 0
Number of asset objects unloaded after import = 3
========================================================================
Received Import Request.
  Time since last request: 0.000013 seconds.
  path: Assets/Christmas Game GUI/png/windows/4/Title (2).png
  artifactKey: Guid(b3587b280a2d3da47a7ba9d283471ade) Importer(815301076,1909f56bfc062723c751e8b465ee728b)
Start importing Assets/Christmas Game GUI/png/windows/4/Title (2).png using Guid(b3587b280a2d3da47a7ba9d283471ade) Importer(815301076,1909f56bfc062723c751e8b465ee728b) [PhysX] Initialized MultithreadedTaskDispatcher with 20 workers.
[PhysX] Initialized MultithreadedTaskDispatcher with 20 workers.
 -> (artifact id: '4bff70bfb573cb503978411b8f5b1394') in 0.048808 seconds
Number of updated asset objects reloaded before import = 0
Number of asset objects unloaded after import = 3
========================================================================
Received Import Request.
  Time since last request: 0.489070 seconds.
  path: Assets/Christmas Game GUI/png/windows/5/Complete.png
  artifactKey: Guid(1b48852293e728b43a7c7efc83e0e0b5) Importer(815301076,1909f56bfc062723c751e8b465ee728b)
Start importing Assets/Christmas Game GUI/png/windows/5/Complete.png using Guid(1b48852293e728b43a7c7efc83e0e0b5) Importer(815301076,1909f56bfc062723c751e8b465ee728b) [PhysX] Initialized MultithreadedTaskDispatcher with 20 workers.
[PhysX] Initialized MultithreadedTaskDispatcher with 20 workers.
 -> (artifact id: '3a171bd9a600d9e3e0d63cba17aa60e3') in 0.018483 seconds
Number of updated asset objects reloaded before import = 0
Number of asset objects unloaded after import = 3
========================================================================
Received Import Request.
  Time since last request: 0.001356 seconds.
  path: Assets/Christmas Game GUI/png/windows/5/NoTitle.png
  artifactKey: Guid(8c91305bf61aff447a9a8263b46aa6e0) Importer(815301076,1909f56bfc062723c751e8b465ee728b)
Start importing Assets/Christmas Game GUI/png/windows/5/NoTitle.png using Guid(8c91305bf61aff447a9a8263b46aa6e0) Importer(815301076,1909f56bfc062723c751e8b465ee728b) [PhysX] Initialized MultithreadedTaskDispatcher with 20 workers.
[PhysX] Initialized MultithreadedTaskDispatcher with 20 workers.
 -> (artifact id: 'cafacb7d4ab0abf323a47fb1c71cd579') in 0.015798 seconds
Number of updated asset objects reloaded before import = 0
Number of asset objects unloaded after import = 3
========================================================================
Received Import Request.
  Time since last request: 0.408958 seconds.
  path: Assets/Christmas Game GUI/png/windows/6/Complete.png
  artifactKey: Guid(34fca87554cde0848be1d1fcb3526d63) Importer(815301076,1909f56bfc062723c751e8b465ee728b)
Start importing Assets/Christmas Game GUI/png/windows/6/Complete.png using Guid(34fca87554cde0848be1d1fcb3526d63) Importer(815301076,1909f56bfc062723c751e8b465ee728b) [PhysX] Initialized MultithreadedTaskDispatcher with 20 workers.
[PhysX] Initialized MultithreadedTaskDispatcher with 20 workers.
 -> (artifact id: 'e3131b81c5f5e03f2bef686845863f4b') in 0.018659 seconds
Number of updated asset objects reloaded before import = 0
Number of asset objects unloaded after import = 3
========================================================================
Received Import Request.
  Time since last request: 0.000013 seconds.
  path: Assets/Christmas Game GUI/png/windows/6/Decor (2).png
  artifactKey: Guid(954b7d8080abe7442b9b15cfd3d93e65) Importer(815301076,1909f56bfc062723c751e8b465ee728b)
Start importing Assets/Christmas Game GUI/png/windows/6/Decor (2).png using Guid(954b7d8080abe7442b9b15cfd3d93e65) Importer(815301076,1909f56bfc062723c751e8b465ee728b) [PhysX] Initialized MultithreadedTaskDispatcher with 20 workers.
[PhysX] Initialized MultithreadedTaskDispatcher with 20 workers.
 -> (artifact id: '3ba7b74c2bbf5be1db0f403c06c1c821') in 0.012675 seconds
Number of updated asset objects reloaded before import = 0
Number of asset objects unloaded after import = 3
========================================================================
Received Import Request.
  Time since last request: 0.520117 seconds.
  path: Assets/Christmas Game GUI/png/windows/8/Complete.png
  artifactKey: Guid(8fe8779298f6c2642891d85f86fae6a6) Importer(815301076,1909f56bfc062723c751e8b465ee728b)
Start importing Assets/Christmas Game GUI/png/windows/8/Complete.png using Guid(8fe8779298f6c2642891d85f86fae6a6) Importer(815301076,1909f56bfc062723c751e8b465ee728b) [PhysX] Initialized MultithreadedTaskDispatcher with 20 workers.
[PhysX] Initialized MultithreadedTaskDispatcher with 20 workers.
 -> (artifact id: '9d731d7ffdb318d9efd6c1befd928e9f') in 0.016186 seconds
Number of updated asset objects reloaded before import = 0
Number of asset objects unloaded after import = 3
========================================================================
Received Import Request.
  Time since last request: 0.002259 seconds.
  path: Assets/Christmas Game GUI/png/windows/8/Title.png
  artifactKey: Guid(ee30d538107895f47a97d8f465084a12) Importer(815301076,1909f56bfc062723c751e8b465ee728b)
Start importing Assets/Christmas Game GUI/png/windows/8/Title.png using Guid(ee30d538107895f47a97d8f465084a12) Importer(815301076,1909f56bfc062723c751e8b465ee728b) [PhysX] Initialized MultithreadedTaskDispatcher with 20 workers.
[PhysX] Initialized MultithreadedTaskDispatcher with 20 workers.
 -> (artifact id: 'b3eca95e8b0310ab45b7e32e0f209fca') in 0.012624 seconds
Number of updated asset objects reloaded before import = 0
Number of asset objects unloaded after import = 3
========================================================================
Received Import Request.
  Time since last request: 0.408299 seconds.
  path: Assets/Christmas Game GUI/png/windows/10/Decor (1).png
  artifactKey: Guid(d4fcb2c2b355ced4a93259e2d8ebd66b) Importer(815301076,1909f56bfc062723c751e8b465ee728b)
Start importing Assets/Christmas Game GUI/png/windows/10/Decor (1).png using Guid(d4fcb2c2b355ced4a93259e2d8ebd66b) Importer(815301076,1909f56bfc062723c751e8b465ee728b) [PhysX] Initialized MultithreadedTaskDispatcher with 20 workers.
[PhysX] Initialized MultithreadedTaskDispatcher with 20 workers.
 -> (artifact id: '7145a5f45b386afdfb7a19d88d22dcb0') in 0.010512 seconds
Number of updated asset objects reloaded before import = 0
Number of asset objects unloaded after import = 3
========================================================================
Received Import Request.
  Time since last request: 0.003699 seconds.
  path: Assets/Christmas Game GUI/png/windows/10/NoTitle.png
  artifactKey: Guid(0b1bd7bda6934624ebeeb79602f53aa9) Importer(815301076,1909f56bfc062723c751e8b465ee728b)
Start importing Assets/Christmas Game GUI/png/windows/10/NoTitle.png using Guid(0b1bd7bda6934624ebeeb79602f53aa9) Importer(815301076,1909f56bfc062723c751e8b465ee728b) [PhysX] Initialized MultithreadedTaskDispatcher with 20 workers.
[PhysX] Initialized MultithreadedTaskDispatcher with 20 workers.
 -> (artifact id: 'ad4416325c069737a16fe1a65d388ed9') in 0.017893 seconds
Number of updated asset objects reloaded before import = 0
Number of asset objects unloaded after import = 3
========================================================================
Received Import Request.
  Time since last request: 3.342888 seconds.
  path: Assets/Christmas Game GUI/png/windows/9/Complete.png
  artifactKey: Guid(45fd91faab702b24e9ac5ccc2945b462) Importer(815301076,1909f56bfc062723c751e8b465ee728b)
Start importing Assets/Christmas Game GUI/png/windows/9/Complete.png using Guid(45fd91faab702b24e9ac5ccc2945b462) Importer(815301076,1909f56bfc062723c751e8b465ee728b) [PhysX] Initialized MultithreadedTaskDispatcher with 20 workers.
[PhysX] Initialized MultithreadedTaskDispatcher with 20 workers.
 -> (artifact id: 'a3ac90ef0222ab03c93118c71a81cade') in 0.021766 seconds
Number of updated asset objects reloaded before import = 0
Number of asset objects unloaded after import = 3
========================================================================
Received Import Request.
  Time since last request: 0.000014 seconds.
  path: Assets/Christmas Game GUI/png/windows/9/NoTitle.png
  artifactKey: Guid(a39c877306f4d2746a977e1b4c7888c9) Importer(815301076,1909f56bfc062723c751e8b465ee728b)
Start importing Assets/Christmas Game GUI/png/windows/9/NoTitle.png using Guid(a39c877306f4d2746a977e1b4c7888c9) Importer(815301076,1909f56bfc062723c751e8b465ee728b) [PhysX] Initialized MultithreadedTaskDispatcher with 20 workers.
[PhysX] Initialized MultithreadedTaskDispatcher with 20 workers.
 -> (artifact id: '585a6ed01bea3815093a16a8498f78dd') in 0.018019 seconds
Number of updated asset objects reloaded before import = 0
Number of asset objects unloaded after import = 3
========================================================================
Received Import Request.
  Time since last request: 11.859142 seconds.
  path: Assets/Christmas Game GUI/png/windows/7/Complete.png
  artifactKey: Guid(f9db1e17f3a5991478623ffc6cf62f84) Importer(815301076,1909f56bfc062723c751e8b465ee728b)
Start importing Assets/Christmas Game GUI/png/windows/7/Complete.png using Guid(f9db1e17f3a5991478623ffc6cf62f84) Importer(815301076,1909f56bfc062723c751e8b465ee728b) [PhysX] Initialized MultithreadedTaskDispatcher with 20 workers.
[PhysX] Initialized MultithreadedTaskDispatcher with 20 workers.
 -> (artifact id: '2af666344632663df0cdfdf9aa749e7b') in 0.082560 seconds
Number of updated asset objects reloaded before import = 0
Number of asset objects unloaded after import = 3
========================================================================
Received Import Request.
  Time since last request: 0.000017 seconds.
  path: Assets/Christmas Game GUI/png/windows/7/TitleArea.png
  artifactKey: Guid(eb5c9d720dd138145a17f49c845f325f) Importer(815301076,1909f56bfc062723c751e8b465ee728b)
Start importing Assets/Christmas Game GUI/png/windows/7/TitleArea.png using Guid(eb5c9d720dd138145a17f49c845f325f) Importer(815301076,1909f56bfc062723c751e8b465ee728b) [PhysX] Initialized MultithreadedTaskDispatcher with 20 workers.
[PhysX] Initialized MultithreadedTaskDispatcher with 20 workers.
 -> (artifact id: '1536faaa31b31d4fbb85854d89056a67') in 0.043935 seconds
Number of updated asset objects reloaded before import = 0
Number of asset objects unloaded after import = 3
========================================================================
Received Import Request.
  Time since last request: 844.494098 seconds.
  path: Assets/huisu/Ui/ui 인게임/사탕.png
  artifactKey: Guid(66480c08ffa79cf42ac59382fe238109) Importer(815301076,1909f56bfc062723c751e8b465ee728b)
Start importing Assets/huisu/Ui/ui 인게임/사탕.png using Guid(66480c08ffa79cf42ac59382fe238109) Importer(815301076,1909f56bfc062723c751e8b465ee728b) [PhysX] Initialized MultithreadedTaskDispatcher with 20 workers.
[PhysX] Initialized MultithreadedTaskDispatcher with 20 workers.
 -> (artifact id: '1e7b91c5eb6fb0a0a9f2f0b14838f8c7') in 0.039275 seconds
Number of updated asset objects reloaded before import = 0
Number of asset objects unloaded after import = 3
========================================================================
Received Import Request.
  Time since last request: 0.000019 seconds.
  path: Assets/huisu/Ui/ui 인게임/인게임 요정갈 남은 갯수.png
  artifactKey: Guid(9c689d8437a82b949ac8a95e9191f6e6) Importer(815301076,1909f56bfc062723c751e8b465ee728b)
Start importing Assets/huisu/Ui/ui 인게임/인게임 요정갈 남은 갯수.png using Guid(9c689d8437a82b949ac8a95e9191f6e6) Importer(815301076,1909f56bfc062723c751e8b465ee728b) [PhysX] Initialized MultithreadedTaskDispatcher with 20 workers.
[PhysX] Initialized MultithreadedTaskDispatcher with 20 workers.
 -> (artifact id: 'c17f30294b3f82d153231c7a952dadfb') in 0.025480 seconds
Number of updated asset objects reloaded before import = 0
Number of asset objects unloaded after import = 3
========================================================================
Received Import Request.
  Time since last request: 0.000024 seconds.
  path: Assets/huisu/Ui/ui 인게임/스테미나, 모두 소진.png
  artifactKey: Guid(83e8ccd2fd24f3947b37f976352c2684) Importer(815301076,1909f56bfc062723c751e8b465ee728b)
Start importing Assets/huisu/Ui/ui 인게임/스테미나, 모두 소진.png using Guid(83e8ccd2fd24f3947b37f976352c2684) Importer(815301076,1909f56bfc062723c751e8b465ee728b) [PhysX] Initialized MultithreadedTaskDispatcher with 20 workers.
[PhysX] Initialized MultithreadedTaskDispatcher with 20 workers.
 -> (artifact id: 'b5debfad3ea62e44bbd367f84fc4e2d9') in 0.033001 seconds
Number of updated asset objects reloaded before import = 0
Number of asset objects unloaded after import = 3
========================================================================
Received Import Request.
  Time since last request: 0.000014 seconds.
  path: Assets/huisu/Ui/ui 인게임/스노우 볼.png
  artifactKey: Guid(c1ba782904b840548a8fa79b220fb0dc) Importer(815301076,1909f56bfc062723c751e8b465ee728b)
Start importing Assets/huisu/Ui/ui 인게임/스노우 볼.png using Guid(c1ba782904b840548a8fa79b220fb0dc) Importer(815301076,1909f56bfc062723c751e8b465ee728b) [PhysX] Initialized MultithreadedTaskDispatcher with 20 workers.
[PhysX] Initialized MultithreadedTaskDispatcher with 20 workers.
 -> (artifact id: '05f7b5be281655533005e38abb0c3f2e') in 0.018368 seconds
Number of updated asset objects reloaded before import = 0
Number of asset objects unloaded after import = 3
========================================================================
Received Import Request.
  Time since last request: 0.000016 seconds.
  path: Assets/huisu/Ui/ui 인게임/인게임 루돌프, 루돌프.png
  artifactKey: Guid(02b8a87eb9ac3a44f9ae0e9ada5cccf3) Importer(815301076,1909f56bfc062723c751e8b465ee728b)
Start importing Assets/huisu/Ui/ui 인게임/인게임 루돌프, 루돌프.png using Guid(02b8a87eb9ac3a44f9ae0e9ada5cccf3) Importer(815301076,1909f56bfc062723c751e8b465ee728b) [PhysX] Initialized MultithreadedTaskDispatcher with 20 workers.
[PhysX] Initialized MultithreadedTaskDispatcher with 20 workers.
 -> (artifact id: '4fca533944190793fa8e3cde46bb09a0') in 0.018087 seconds
Number of updated asset objects reloaded before import = 0
Number of asset objects unloaded after import = 3
Editor requested this worker to shutdown with reason: Scaling down because of idle timeout
TcpMessagingSession - receive error: operation aborted. errorcode: 995, details: ������ ���� �Ǵ� ���� ���α׷� ��û ������ I/O �۾��� ��ҵǾ����ϴ�.
AssetImportWorker is now disconnected from the server
Process exiting
Exiting without the bug reporter. Application will terminate with return code 0